Archive member included to satisfy reference by file (symbol)

C:/ST/STM32CubeIDE_1.14.1/STM32CubeIDE/plugins/com.st.stm32cube.ide.mcu.externaltools.gnu-tools-for-stm32.11.3.rel1.win32_1.1.100.202309141235/tools/bin/../lib/gcc/arm-none-eabi/11.3.1/../../../../arm-none-eabi/lib/thumb/v7-m/nofp\libc_nano.a(libc_a-exit.o)
                              C:/ST/STM32CubeIDE_1.14.1/STM32CubeIDE/plugins/com.st.stm32cube.ide.mcu.externaltools.gnu-tools-for-stm32.11.3.rel1.win32_1.1.100.202309141235/tools/bin/../lib/gcc/arm-none-eabi/11.3.1/../../../../arm-none-eabi/lib/thumb/v7-m/nofp/crt0.o (exit)
C:/ST/STM32CubeIDE_1.14.1/STM32CubeIDE/plugins/com.st.stm32cube.ide.mcu.externaltools.gnu-tools-for-stm32.11.3.rel1.win32_1.1.100.202309141235/tools/bin/../lib/gcc/arm-none-eabi/11.3.1/../../../../arm-none-eabi/lib/thumb/v7-m/nofp\libc_nano.a(libc_a-findfp.o)
                              C:/ST/STM32CubeIDE_1.14.1/STM32CubeIDE/plugins/com.st.stm32cube.ide.mcu.externaltools.gnu-tools-for-stm32.11.3.rel1.win32_1.1.100.202309141235/tools/bin/../lib/gcc/arm-none-eabi/11.3.1/../../../../arm-none-eabi/lib/thumb/v7-m/nofp\libc_nano.a(libc_a-exit.o) (__stdio_exit_handler)
C:/ST/STM32CubeIDE_1.14.1/STM32CubeIDE/plugins/com.st.stm32cube.ide.mcu.externaltools.gnu-tools-for-stm32.11.3.rel1.win32_1.1.100.202309141235/tools/bin/../lib/gcc/arm-none-eabi/11.3.1/../../../../arm-none-eabi/lib/thumb/v7-m/nofp\libc_nano.a(libc_a-fwalk.o)
                              C:/ST/STM32CubeIDE_1.14.1/STM32CubeIDE/plugins/com.st.stm32cube.ide.mcu.externaltools.gnu-tools-for-stm32.11.3.rel1.win32_1.1.100.202309141235/tools/bin/../lib/gcc/arm-none-eabi/11.3.1/../../../../arm-none-eabi/lib/thumb/v7-m/nofp\libc_nano.a(libc_a-findfp.o) (_fwalk_sglue)
C:/ST/STM32CubeIDE_1.14.1/STM32CubeIDE/plugins/com.st.stm32cube.ide.mcu.externaltools.gnu-tools-for-stm32.11.3.rel1.win32_1.1.100.202309141235/tools/bin/../lib/gcc/arm-none-eabi/11.3.1/../../../../arm-none-eabi/lib/thumb/v7-m/nofp\libc_nano.a(libc_a-stdio.o)
                              C:/ST/STM32CubeIDE_1.14.1/STM32CubeIDE/plugins/com.st.stm32cube.ide.mcu.externaltools.gnu-tools-for-stm32.11.3.rel1.win32_1.1.100.202309141235/tools/bin/../lib/gcc/arm-none-eabi/11.3.1/../../../../arm-none-eabi/lib/thumb/v7-m/nofp\libc_nano.a(libc_a-findfp.o) (__sread)
C:/ST/STM32CubeIDE_1.14.1/STM32CubeIDE/plugins/com.st.stm32cube.ide.mcu.externaltools.gnu-tools-for-stm32.11.3.rel1.win32_1.1.100.202309141235/tools/bin/../lib/gcc/arm-none-eabi/11.3.1/../../../../arm-none-eabi/lib/thumb/v7-m/nofp\libc_nano.a(libc_a-memset.o)
                              C:/ST/STM32CubeIDE_1.14.1/STM32CubeIDE/plugins/com.st.stm32cube.ide.mcu.externaltools.gnu-tools-for-stm32.11.3.rel1.win32_1.1.100.202309141235/tools/bin/../lib/gcc/arm-none-eabi/11.3.1/../../../../arm-none-eabi/lib/thumb/v7-m/nofp/crt0.o (memset)
C:/ST/STM32CubeIDE_1.14.1/STM32CubeIDE/plugins/com.st.stm32cube.ide.mcu.externaltools.gnu-tools-for-stm32.11.3.rel1.win32_1.1.100.202309141235/tools/bin/../lib/gcc/arm-none-eabi/11.3.1/../../../../arm-none-eabi/lib/thumb/v7-m/nofp\libc_nano.a(libc_a-closer.o)
                              C:/ST/STM32CubeIDE_1.14.1/STM32CubeIDE/plugins/com.st.stm32cube.ide.mcu.externaltools.gnu-tools-for-stm32.11.3.rel1.win32_1.1.100.202309141235/tools/bin/../lib/gcc/arm-none-eabi/11.3.1/../../../../arm-none-eabi/lib/thumb/v7-m/nofp\libc_nano.a(libc_a-stdio.o) (_close_r)
C:/ST/STM32CubeIDE_1.14.1/STM32CubeIDE/plugins/com.st.stm32cube.ide.mcu.externaltools.gnu-tools-for-stm32.11.3.rel1.win32_1.1.100.202309141235/tools/bin/../lib/gcc/arm-none-eabi/11.3.1/../../../../arm-none-eabi/lib/thumb/v7-m/nofp\libc_nano.a(libc_a-reent.o)
                              C:/ST/STM32CubeIDE_1.14.1/STM32CubeIDE/plugins/com.st.stm32cube.ide.mcu.externaltools.gnu-tools-for-stm32.11.3.rel1.win32_1.1.100.202309141235/tools/bin/../lib/gcc/arm-none-eabi/11.3.1/../../../../arm-none-eabi/lib/thumb/v7-m/nofp\libc_nano.a(libc_a-closer.o) (errno)
C:/ST/STM32CubeIDE_1.14.1/STM32CubeIDE/plugins/com.st.stm32cube.ide.mcu.externaltools.gnu-tools-for-stm32.11.3.rel1.win32_1.1.100.202309141235/tools/bin/../lib/gcc/arm-none-eabi/11.3.1/../../../../arm-none-eabi/lib/thumb/v7-m/nofp\libc_nano.a(libc_a-impure.o)
                              C:/ST/STM32CubeIDE_1.14.1/STM32CubeIDE/plugins/com.st.stm32cube.ide.mcu.externaltools.gnu-tools-for-stm32.11.3.rel1.win32_1.1.100.202309141235/tools/bin/../lib/gcc/arm-none-eabi/11.3.1/../../../../arm-none-eabi/lib/thumb/v7-m/nofp\libc_nano.a(libc_a-reent.o) (_impure_ptr)
C:/ST/STM32CubeIDE_1.14.1/STM32CubeIDE/plugins/com.st.stm32cube.ide.mcu.externaltools.gnu-tools-for-stm32.11.3.rel1.win32_1.1.100.202309141235/tools/bin/../lib/gcc/arm-none-eabi/11.3.1/../../../../arm-none-eabi/lib/thumb/v7-m/nofp\libc_nano.a(libc_a-lseekr.o)
[...]
Memory Configuration

Name             Origin             Length             Attributes
RAM              0x0000000020000000 0x0000000000005000 xrw
FLASH            0x0000000008000000 0x0000000000020000 xr
*default*        0x0000000000000000 0xffffffffffffffff

Linker script and memory map

LOAD C:/ST/STM32CubeIDE_1.14.1/STM32CubeIDE/plugins/com.st.stm32cube.ide.mcu.externaltools.gnu-tools-for-stm32.11.3.rel1.win32_1.1.100.202309141235/tools/bin/../lib/gcc/arm-none-eabi/11.3.1/thumb/v7-m/nofp/crti.o
LOAD C:/ST/STM32CubeIDE_1.14.1/STM32CubeIDE/plugins/com.st.stm32cube.ide.mcu.externaltools.gnu-tools-for-stm32.11.3.rel1.win32_1.1.100.202309141235/tools/bin/../lib/gcc/arm-none-eabi/11.3.1/thumb/v7-m/nofp/crtbegin.o
LOAD C:/ST/STM32CubeIDE_1.14.1/STM32CubeIDE/plugins/com.st.stm32cube.ide.mcu.externaltools.gnu-tools-for-stm32.11.3.rel1.win32_1.1.100.202309141235/tools/bin/../lib/gcc/arm-none-eabi/11.3.1/../../../../arm-none-eabi/lib/thumb/v7-m/nofp/crt0.o
LOAD ./Drivers/STM32F1xx_HAL_Driver/Src/stm32f1xx_hal.o
LOAD ./Drivers/STM32F1xx_HAL_Driver/Src/stm32f1xx_hal_cortex.o
LOAD ./Drivers/STM32F1xx_HAL_Driver/Src/stm32f1xx_hal_dma.o
LOAD ./Drivers/STM32F1xx_HAL_Driver/Src/stm32f1xx_hal_flash.o
LOAD ./Drivers/STM32F1xx_HAL_Driver/Src/stm32f1xx_hal_flash_ex.o
LOAD ./Drivers/STM32F1xx_HAL_Driver/Src/stm32f1xx_hal_gpio.o
LOAD ./Drivers/STM32F1xx_HAL_Driver/Src/stm32f1xx_hal_gpio_ex.o
LOAD ./Drivers/STM32F1xx_HAL_Driver/Src/stm32f1xx_hal_pcd.o
LOAD ./Drivers/STM32F1xx_HAL_Driver/Src/stm32f1xx_hal_pcd_ex.o
LOAD ./Drivers/STM32F1xx_HAL_Driver/Src/stm32f1xx_hal_pwr.o
LOAD ./Drivers/STM32F1xx_HAL_Driver/Src/stm32f1xx_hal_rcc.o
LOAD ./Drivers/STM32F1xx_HAL_Driver/Src/stm32f1xx_hal_rcc_ex.o
LOAD ./Drivers/STM32F1xx_HAL_Driver/Src/stm32f1xx_hal_tim.o
LOAD ./Drivers/STM32F1xx_HAL_Driver/Src/stm32f1xx_hal_tim_ex.o
LOAD ./Drivers/STM32F1xx_HAL_Driver/Src/stm32f1xx_ll_usb.o
LOAD ./Middlewares/ST/STM32_USB_Device_Library/Class/DFU/Src/usbd_dfu.o
LOAD ./Middlewares/ST/STM32_USB_Device_Library/Core/Src/usbd_core.o
LOAD ./Middlewares/ST/STM32_USB_Device_Library/Core/Src/usbd_ctlreq.o
LOAD ./Middlewares/ST/STM32_USB_Device_Library/Core/Src/usbd_ioreq.o
LOAD ./Src/main.o
LOAD ./Src/stm32f1xx_hal_msp.o
LOAD ./Src/stm32f1xx_it.o
LOAD ./Src/system_stm32f1xx.o
LOAD ./Src/usb_device.o
LOAD ./Src/usbd_conf.o
LOAD ./Src/usbd_desc.o
LOAD ./Src/usbd_dfu_if.o
LOAD ./startup/startup_stm32f103xb.o
START GROUP
LOAD C:/ST/STM32CubeIDE_1.14.1/STM32CubeIDE/plugins/com.st.stm32cube.ide.mcu.externaltools.gnu-tools-for-stm32.11.3.rel1.win32_1.1.100.202309141235/tools/bin/../lib/gcc/arm-none-eabi/11.3.1/../../../../arm-none-eabi/lib/thumb/v7-m/nofp\libc_nano.a
LOAD C:/ST/STM32CubeIDE_1.14.1/STM32CubeIDE/plugins/com.st.stm32cube.ide.mcu.externaltools.gnu-tools-for-stm32.11.3.rel1.win32_1.1.100.202309141235/tools/bin/../lib/gcc/arm-none-eabi/11.3.1/../../../../arm-none-eabi/lib/thumb/v7-m/nofp\libm.a
END GROUP
START GROUP
LOAD C:/ST/STM32CubeIDE_1.14.1/STM32CubeIDE/plugins/com.st.stm32cube.ide.mcu.externaltools.gnu-tools-for-stm32.11.3.rel1.win32_1.1.100.202309141235/tools/bin/../lib/gcc/arm-none-eabi/11.3.1/thumb/v7-m/nofp\libgcc.a
LOAD C:/ST/STM32CubeIDE_1.14.1/STM32CubeIDE/plugins/com.st.stm32cube.ide.mcu.externaltools.gnu-tools-for-stm32.11.3.rel1.win32_1.1.100.202309141235/tools/bin/../lib/gcc/arm-none-eabi/11.3.1/../../../../arm-none-eabi/lib/thumb/v7-m/nofp\libc_nano.a
END GROUP
START GROUP
LOAD C:/ST/STM32CubeIDE_1.14.1/STM32CubeIDE/plugins/com.st.stm32cube.ide.mcu.externaltools.gnu-tools-for-stm32.11.3.rel1.win32_1.1.100.202309141235/tools/bin/../lib/gcc/arm-none-eabi/11.3.1/thumb/v7-m/nofp\libgcc.a
LOAD C:/ST/STM32CubeIDE_1.14.1/STM32CubeIDE/plugins/com.st.stm32cube.ide.mcu.externaltools.gnu-tools-for-stm32.11.3.rel1.win32_1.1.100.202309141235/tools/bin/../lib/gcc/arm-none-eabi/11.3.1/../../../../arm-none-eabi/lib/thumb/v7-m/nofp\libc_nano.a
LOAD C:/ST/STM32CubeIDE_1.14.1/STM32CubeIDE/plugins/com.st.stm32cube.ide.mcu.externaltools.gnu-tools-for-stm32.11.3.rel1.win32_1.1.100.202309141235/tools/bin/../lib/gcc/arm-none-eabi/11.3.1/../../../../arm-none-eabi/lib/thumb/v7-m/nofp\libnosys.a
END GROUP
START GROUP
LOAD C:/ST/STM32CubeIDE_1.14.1/STM32CubeIDE/plugins/com.st.stm32cube.ide.mcu.externaltools.gnu-tools-for-stm32.11.3.rel1.win32_1.1.100.202309141235/tools/bin/../lib/gcc/arm-none-eabi/11.3.1/thumb/v7-m/nofp\libgcc.a
LOAD C:/ST/STM32CubeIDE_1.14.1/STM32CubeIDE/plugins/com.st.stm32cube.ide.mcu.externaltools.gnu-tools-for-stm32.11.3.rel1.win32_1.1.100.202309141235/tools/bin/../lib/gcc/arm-none-eabi/11.3.1/../../../../arm-none-eabi/lib/thumb/v7-m/nofp\libc_nano.a
LOAD C:/ST/STM32CubeIDE_1.14.1/STM32CubeIDE/plugins/com.st.stm32cube.ide.mcu.externaltools.gnu-tools-for-stm32.11.3.rel1.win32_1.1.100.202309141235/tools/bin/../lib/gcc/arm-none-eabi/11.3.1/../../../../arm-none-eabi/lib/thumb/v7-m/nofp\libnosys.a
END GROUP
LOAD C:/ST/STM32CubeIDE_1.14.1/STM32CubeIDE/plugins/com.st.stm32cube.ide.mcu.externaltools.gnu-tools-for-stm32.11.3.rel1.win32_1.1.100.202309141235/tools/bin/../lib/gcc/arm-none-eabi/11.3.1/thumb/v7-m/nofp/crtend.o
LOAD C:/ST/STM32CubeIDE_1.14.1/STM32CubeIDE/plugins/com.st.stm32cube.ide.mcu.externaltools.gnu-tools-for-stm32.11.3.rel1.win32_1.1.100.202309141235/tools/bin/../lib/gcc/arm-none-eabi/11.3.1/thumb/v7-m/nofp/crtn.o
                0x0000000020005000                _estack = 0x20005000
                0x0000000000000200                _Min_Heap_Size = 0x200
                0x0000000000000400                _Min_Stack_Size = 0x400

.isr_vector     0x0000000008000000      0x10c
                0x0000000008000000                . = ALIGN (0x4)
 *(.isr_vector)
 .isr_vector    0x0000000008000000      0x10c ./startup/startup_stm32f103xb.o
                0x0000000008000000                g_pfnVectors
                0x000000000800010c                . = ALIGN (0x4)

.text           0x000000000800010c     0x2ba0
                0x000000000800010c                . = ALIGN (0x4)
 *(.text)
 .text          0x000000000800010c       0x40 C:/ST/STM32CubeIDE_1.14.1/STM32CubeIDE/plugins/com.st.stm32cube.ide.mcu.externaltools.gnu-tools-for-stm32.11.3.rel1.win32_1.1.100.202309141235/tools/bin/../lib/gcc/arm-none-eabi/11.3.1/thumb/v7-m/nofp/crtbegin.o
 *(.text*)
 .text.HAL_InitTick
                0x000000000800014c       0x48 ./Drivers/STM32F1xx_HAL_Driver/Src/stm32f1xx_hal.o
                0x000000000800014c                HAL_InitTick
 .text.HAL_Init
                0x0000000008000194       0x24 ./Drivers/STM32F1xx_HAL_Driver/Src/stm32f1xx_hal.o
                0x0000000008000194                HAL_Init
 .text.HAL_IncTick
                0x00000000080001b8       0x18 ./Drivers/STM32F1xx_HAL_Driver/Src/stm32f1xx_hal.o
                0x00000000080001b8                HAL_IncTick
 .text.HAL_GetTick
                0x00000000080001d0        0xc ./Drivers/STM32F1xx_HAL_Driver/Src/stm32f1xx_hal.o
                0x00000000080001d0                HAL_GetTick
 .text.HAL_Delay
                0x00000000080001dc       0x24 ./Drivers/STM32F1xx_HAL_Driver/Src/stm32f1xx_hal.o
                0x00000000080001dc                HAL_Delay
 .text.HAL_NVIC_SetPriorityGrouping
                0x0000000008000200       0x24 ./Drivers/STM32F1xx_HAL_Driver/Src/stm32f1xx_hal_cortex.o
                0x0000000008000200                HAL_NVIC_SetPriorityGrouping
 .text.HAL_NVIC_SetPriority
                0x0000000008000224       0x60 ./Drivers/STM32F1xx_HAL_Driver/Src/stm32f1xx_hal_cortex.o
                0x0000000008000224                HAL_NVIC_SetPriority
 .text.HAL_NVIC_EnableIRQ
                0x0000000008000284       0x18 ./Drivers/STM32F1xx_HAL_Driver/Src/stm32f1xx_hal_cortex.o
                0x0000000008000284                HAL_NVIC_EnableIRQ
 .text.HAL_SYSTICK_Config
                0x000000000800029c       0x28 ./Drivers/STM32F1xx_HAL_Driver/Src/stm32f1xx_hal_cortex.o
                0x000000000800029c                HAL_SYSTICK_Config
 .text.HAL_SYSTICK_CLKSourceConfig
                0x00000000080002c4       0x16 ./Drivers/STM32F1xx_HAL_Driver/Src/stm32f1xx_hal_cortex.o
                0x00000000080002c4                HAL_SYSTICK_CLKSourceConfig
 .text.HAL_SYSTICK_Callback
                0x00000000080002da        0x2 ./Drivers/STM32F1xx_HAL_Driver/Src/stm32f1xx_hal_cortex.o
                0x00000000080002da                HAL_SYSTICK_Callback
 .text.HAL_SYSTICK_IRQHandler
                0x00000000080002dc        0x8 ./Drivers/STM32F1xx_HAL_Driver/Src/stm32f1xx_hal_cortex.o
                0x00000000080002dc                HAL_SYSTICK_IRQHandler
 .text.FLASH_SetErrorCode
                0x00000000080002e4       0x50 ./Drivers/STM32F1xx_HAL_Driver/Src/stm32f1xx_hal_flash.o
 .text.HAL_FLASH_Unlock
                0x0000000008000334       0x24 ./Drivers/STM32F1xx_HAL_Driver/Src/stm32f1xx_hal_flash.o
                0x0000000008000334                HAL_FLASH_Unlock
 .text.HAL_FLASH_Lock
                0x0000000008000358       0x14 ./Drivers/STM32F1xx_HAL_Driver/Src/stm32f1xx_hal_flash.o
                0x0000000008000358                HAL_FLASH_Lock
 .text.FLASH_WaitForLastOperation
                0x000000000800036c       0x54 ./Drivers/STM32F1xx_HAL_Driver/Src/stm32f1xx_hal_flash.o
                0x000000000800036c                FLASH_WaitForLastOperation
 .text.HAL_FLASH_Program
                0x00000000080003c0       0xa4 ./Drivers/STM32F1xx_HAL_Driver/Src/stm32f1xx_hal_flash.o
                0x00000000080003c0                HAL_FLASH_Program
 .text.FLASH_PageErase
                0x0000000008000464       0x24 ./Drivers/STM32F1xx_HAL_Driver/Src/stm32f1xx_hal_flash_ex.o
                0x0000000008000464                FLASH_PageErase
 .text.HAL_FLASHEx_Erase
                0x0000000008000488       0xa8 ./Drivers/STM32F1xx_HAL_Driver/Src/stm32f1xx_hal_flash_ex.o
                0x0000000008000488                HAL_FLASHEx_Erase
 .text.HAL_GPIO_Init
                0x0000000008000530      0x1b4 ./Drivers/STM32F1xx_HAL_Driver/Src/stm32f1xx_hal_gpio.o
                0x0000000008000530                HAL_GPIO_Init
 .text.HAL_GPIO_ReadPin
                0x00000000080006e4        0xc ./Drivers/STM32F1xx_HAL_Driver/Src/stm32f1xx_hal_gpio.o
                0x00000000080006e4                HAL_GPIO_ReadPin
 .text.HAL_PCD_Init
                0x00000000080006f0       0xce ./Drivers/STM32F1xx_HAL_Driver/Src/stm32f1xx_hal_pcd.o
                0x00000000080006f0                HAL_PCD_Init
 .text.HAL_PCD_Start
                0x00000000080007be       0x2e ./Drivers/STM32F1xx_HAL_Driver/Src/stm32f1xx_hal_pcd.o
                0x00000000080007be                HAL_PCD_Start
 .text.HAL_PCD_Stop
                0x00000000080007ec       0x30 ./Drivers/STM32F1xx_HAL_Driver/Src/stm32f1xx_hal_pcd.o
                0x00000000080007ec                HAL_PCD_Stop
 .text.HAL_PCD_SetAddress
                0x000000000800081c       0x28 ./Drivers/STM32F1xx_HAL_Driver/Src/stm32f1xx_hal_pcd.o
                0x000000000800081c                HAL_PCD_SetAddress
 .text.HAL_PCD_EP_Open
                0x0000000008000844       0x46 ./Drivers/STM32F1xx_HAL_Driver/Src/stm32f1xx_hal_pcd.o
                0x0000000008000844                HAL_PCD_EP_Open
 .text.HAL_PCD_EP_Receive
                0x000000000800088a       0x2a ./Drivers/STM32F1xx_HAL_Driver/Src/stm32f1xx_hal_pcd.o
                0x000000000800088a                HAL_PCD_EP_Receive
 .text.HAL_PCD_EP_Transmit
                0x00000000080008b4       0x2a ./Drivers/STM32F1xx_HAL_Driver/Src/stm32f1xx_hal_pcd.o
                0x00000000080008b4                HAL_PCD_EP_Transmit
 *fill*         0x00000000080008de        0x2 
 .text.HAL_PCD_IRQHandler
                0x00000000080008e0      0x4f8 ./Drivers/STM32F1xx_HAL_Driver/Src/stm32f1xx_hal_pcd.o
                0x00000000080008e0                HAL_PCD_IRQHandler
 .text.HAL_PCD_EP_SetStall
                0x0000000008000dd8       0x50 ./Drivers/STM32F1xx_HAL_Driver/Src/stm32f1xx_hal_pcd.o
                0x0000000008000dd8                HAL_PCD_EP_SetStall
 .text.HAL_PCD_EP_ClrStall
                0x0000000008000e28       0x46 ./Drivers/STM32F1xx_HAL_Driver/Src/stm32f1xx_hal_pcd.o
                0x0000000008000e28                HAL_PCD_EP_ClrStall
 .text.HAL_PCDEx_PMAConfig
                0x0000000008000e6e       0x32 ./Drivers/STM32F1xx_HAL_Driver/Src/stm32f1xx_hal_pcd_ex.o
                0x0000000008000e6e                HAL_PCDEx_PMAConfig
 .text.HAL_RCC_OscConfig
                0x0000000008000ea0      0x31c ./Drivers/STM32F1xx_HAL_Driver/Src/stm32f1xx_hal_rcc.o
                0x0000000008000ea0                HAL_RCC_OscConfig
 .text.HAL_RCC_GetSysClockFreq
                0x00000000080011bc       0x74 ./Drivers/STM32F1xx_HAL_Driver/Src/stm32f1xx_hal_rcc.o
                0x00000000080011bc                HAL_RCC_GetSysClockFreq
 .text.HAL_RCC_ClockConfig
                0x0000000008001230      0x144 ./Drivers/STM32F1xx_HAL_Driver/Src/stm32f1xx_hal_rcc.o
                0x0000000008001230                HAL_RCC_ClockConfig
 .text.HAL_RCC_GetHCLKFreq
                0x0000000008001374        0xc ./Drivers/STM32F1xx_HAL_Driver/Src/stm32f1xx_hal_rcc.o
                0x0000000008001374                HAL_RCC_GetHCLKFreq
 .text.HAL_RCCEx_PeriphCLKConfig
                0x0000000008001380       0xf4 ./Drivers/STM32F1xx_HAL_Driver/Src/stm32f1xx_hal_rcc_ex.o
                0x0000000008001380                HAL_RCCEx_PeriphCLKConfig
 .text.USB_CoreInit
                0x0000000008001474        0xe ./Drivers/STM32F1xx_HAL_Driver/Src/stm32f1xx_ll_usb.o
                0x0000000008001474                USB_CoreInit
 .text.USB_EnableGlobalInt
                0x0000000008001482       0x12 ./Drivers/STM32F1xx_HAL_Driver/Src/stm32f1xx_ll_usb.o
                0x0000000008001482                USB_EnableGlobalInt
 .text.USB_DisableGlobalInt
                0x0000000008001494       0x14 ./Drivers/STM32F1xx_HAL_Driver/Src/stm32f1xx_ll_usb.o
                0x0000000008001494                USB_DisableGlobalInt
 .text.USB_SetCurrentMode
                0x00000000080014a8        0x4 ./Drivers/STM32F1xx_HAL_Driver/Src/stm32f1xx_ll_usb.o
                0x00000000080014a8                USB_SetCurrentMode
 .text.USB_DevInit
                0x00000000080014ac       0x36 ./Drivers/STM32F1xx_HAL_Driver/Src/stm32f1xx_ll_usb.o
                0x00000000080014ac                USB_DevInit
 *fill*         0x00000000080014e2        0x2 
 .text.USB_ActivateEndpoint
                0x00000000080014e4      0x2b0 ./Drivers/STM32F1xx_HAL_Driver/Src/stm32f1xx_ll_usb.o
                0x00000000080014e4                USB_ActivateEndpoint
 .text.USB_EPSetStall
                0x0000000008001794       0x64 ./Drivers/STM32F1xx_HAL_Driver/Src/stm32f1xx_ll_usb.o
                0x0000000008001794                USB_EPSetStall
 .text.USB_EPClearStall
                0x00000000080017f8       0x80 ./Drivers/STM32F1xx_HAL_Driver/Src/stm32f1xx_ll_usb.o
                0x00000000080017f8                USB_EPClearStall
 .text.USB_StopDevice
                0x0000000008001878       0x16 ./Drivers/STM32F1xx_HAL_Driver/Src/stm32f1xx_ll_usb.o
                0x0000000008001878                USB_StopDevice
 .text.USB_SetDevAddress
                0x000000000800188e        0xc ./Drivers/STM32F1xx_HAL_Driver/Src/stm32f1xx_ll_usb.o
                0x000000000800188e                USB_SetDevAddress
 .text.USB_DevConnect
                0x000000000800189a        0x4 ./Drivers/STM32F1xx_HAL_Driver/Src/stm32f1xx_ll_usb.o
                0x000000000800189a                USB_DevConnect
 .text.USB_DevDisconnect
                0x000000000800189e        0x4 ./Drivers/STM32F1xx_HAL_Driver/Src/stm32f1xx_ll_usb.o
                0x000000000800189e                USB_DevDisconnect
 .text.USB_ReadInterrupts
                0x00000000080018a2        0x8 ./Drivers/STM32F1xx_HAL_Driver/Src/stm32f1xx_ll_usb.o
                0x00000000080018a2                USB_ReadInterrupts
 .text.USB_EP0_OutStart
                0x00000000080018aa        0x4 ./Drivers/STM32F1xx_HAL_Driver/Src/stm32f1xx_ll_usb.o
                0x00000000080018aa                USB_EP0_OutStart
 .text.USB_WritePMA
                0x00000000080018ae       0x1c ./Drivers/STM32F1xx_HAL_Driver/Src/stm32f1xx_ll_usb.o
                0x00000000080018ae                USB_WritePMA
 *fill*         0x00000000080018ca        0x2 
 .text.USB_EPStartXfer
                0x00000000080018cc      0x1c4 ./Drivers/STM32F1xx_HAL_Driver/Src/stm32f1xx_ll_usb.o
                0x00000000080018cc                USB_EPStartXfer
 .text.USB_ReadPMA
                0x0000000008001a90       0x1c ./Drivers/STM32F1xx_HAL_Driver/Src/stm32f1xx_ll_usb.o
                0x0000000008001a90                USB_ReadPMA
 .text.USBD_DFU_GetCfgDesc
                0x0000000008001aac        0xc ./Middlewares/ST/STM32_USB_Device_Library/Class/DFU/Src/usbd_dfu.o
 .text.USBD_DFU_DataIn
                0x0000000008001ab8        0x4 ./Middlewares/ST/STM32_USB_Device_Library/Class/DFU/Src/usbd_dfu.o
 .text.USBD_DFU_EP0_RxReady
                0x0000000008001abc        0x4 ./Middlewares/ST/STM32_USB_Device_Library/Class/DFU/Src/usbd_dfu.o
 .text.USBD_DFU_GetDeviceQualifierDesc
                0x0000000008001ac0        0xc ./Middlewares/ST/STM32_USB_Device_Library/Class/DFU/Src/usbd_dfu.o
 .text.USBD_DFU_EP0_TxReady
                0x0000000008001acc      0x148 ./Middlewares/ST/STM32_USB_Device_Library/Class/DFU/Src/usbd_dfu.o
 .text.USBD_DFU_DeInit
                0x0000000008001c14       0x34 ./Middlewares/ST/STM32_USB_Device_Library/Class/DFU/Src/usbd_dfu.o
 .text.USBD_DFU_Init
                0x0000000008001c48       0x4c ./Middlewares/ST/STM32_USB_Device_Library/Class/DFU/Src/usbd_dfu.o
 .text.USBD_DFU_IsoOutIncomplete
                0x0000000008001c94        0x4 ./Middlewares/ST/STM32_USB_Device_Library/Class/DFU/Src/usbd_dfu.o
 .text.USBD_DFU_GetUsrStringDesc
                0x0000000008001c98       0x20 ./Middlewares/ST/STM32_USB_Device_Library/Class/DFU/Src/usbd_dfu.o
 .text.USBD_DFU_Setup
                0x0000000008001cb8      0x308 ./Middlewares/ST/STM32_USB_Device_Library/Class/DFU/Src/usbd_dfu.o
 .text.USBD_DFU_DataOut
                0x0000000008001fc0        0x4 ./Middlewares/ST/STM32_USB_Device_Library/Class/DFU/Src/usbd_dfu.o
 .text.USBD_DFU_IsoINIncomplete
                0x0000000008001fc4        0x4 ./Middlewares/ST/STM32_USB_Device_Library/Class/DFU/Src/usbd_dfu.o
 .text.USBD_DFU_SOF
                0x0000000008001fc8        0x4 ./Middlewares/ST/STM32_USB_Device_Library/Class/DFU/Src/usbd_dfu.o
 .text.USBD_DFU_RegisterMedia
                0x0000000008001fcc        0xa ./Middlewares/ST/STM32_USB_Device_Library/Class/DFU/Src/usbd_dfu.o
                0x0000000008001fcc                USBD_DFU_RegisterMedia
 .text.USBD_Init
                0x0000000008001fd6       0x2a ./Middlewares/ST/STM32_USB_Device_Library/Core/Src/usbd_core.o
                0x0000000008001fd6                USBD_Init
 .text.USBD_RegisterClass
                0x0000000008002000        0xe ./Middlewares/ST/STM32_USB_Device_Library/Core/Src/usbd_core.o
                0x0000000008002000                USBD_RegisterClass
 .text.USBD_Start
                0x000000000800200e        0xa ./Middlewares/ST/STM32_USB_Device_Library/Core/Src/usbd_core.o
                0x000000000800200e                USBD_Start
 .text.USBD_Stop
                0x0000000008002018       0x18 ./Middlewares/ST/STM32_USB_Device_Library/Core/Src/usbd_core.o
                0x0000000008002018                USBD_Stop
 .text.USBD_SetClassConfig
                0x0000000008002030       0x1a ./Middlewares/ST/STM32_USB_Device_Library/Core/Src/usbd_core.o
                0x0000000008002030                USBD_SetClassConfig
 .text.USBD_ClrClassConfig
                0x000000000800204a        0xe ./Middlewares/ST/STM32_USB_Device_Library/Core/Src/usbd_core.o
                0x000000000800204a                USBD_ClrClassConfig
 .text.USBD_LL_SetupStage
                0x0000000008002058       0x5a ./Middlewares/ST/STM32_USB_Device_Library/Core/Src/usbd_core.o
                0x0000000008002058                USBD_LL_SetupStage
 .text.USBD_LL_DataOutStage
                0x00000000080020b2       0x60 ./Middlewares/ST/STM32_USB_Device_Library/Core/Src/usbd_core.o
                0x00000000080020b2                USBD_LL_DataOutStage
 .text.USBD_LL_DataInStage
                0x0000000008002112       0x9e ./Middlewares/ST/STM32_USB_Device_Library/Core/Src/usbd_core.o
                0x0000000008002112                USBD_LL_DataInStage
 .text.USBD_LL_Reset
                0x00000000080021b0       0x3e ./Middlewares/ST/STM32_USB_Device_Library/Core/Src/usbd_core.o
                0x00000000080021b0                USBD_LL_Reset
 .text.USBD_LL_SetSpeed
                0x00000000080021ee        0x6 ./Middlewares/ST/STM32_USB_Device_Library/Core/Src/usbd_core.o
                0x00000000080021ee                USBD_LL_SetSpeed
 .text.USBD_LL_Suspend
                0x00000000080021f4       0x12 ./Middlewares/ST/STM32_USB_Device_Library/Core/Src/usbd_core.o
                0x00000000080021f4                USBD_LL_Suspend
 .text.USBD_LL_Resume
                0x0000000008002206        0xc ./Middlewares/ST/STM32_USB_Device_Library/Core/Src/usbd_core.o
                0x0000000008002206                USBD_LL_Resume
 .text.USBD_LL_SOF
                0x0000000008002212       0x18 ./Middlewares/ST/STM32_USB_Device_Library/Core/Src/usbd_core.o
                0x0000000008002212                USBD_LL_SOF
 .text.USBD_CtlError.constprop.0
                0x000000000800222a       0x16 ./Middlewares/ST/STM32_USB_Device_Library/Core/Src/usbd_ctlreq.o
 .text.USBD_StdDevReq
                0x0000000008002240      0x200 ./Middlewares/ST/STM32_USB_Device_Library/Core/Src/usbd_ctlreq.o
                0x0000000008002240                USBD_StdDevReq
 .text.USBD_StdItfReq
                0x0000000008002440       0x30 ./Middlewares/ST/STM32_USB_Device_Library/Core/Src/usbd_ctlreq.o
                0x0000000008002440                USBD_StdItfReq
 .text.USBD_StdEPReq
                0x0000000008002470       0xc6 ./Middlewares/ST/STM32_USB_Device_Library/Core/Src/usbd_ctlreq.o
                0x0000000008002470                USBD_StdEPReq
 .text.USBD_ParseSetupRequest
                0x0000000008002536       0x28 ./Middlewares/ST/STM32_USB_Device_Library/Core/Src/usbd_ctlreq.o
                0x0000000008002536                USBD_ParseSetupRequest
 .text.USBD_CtlError
                0x000000000800255e       0x16 ./Middlewares/ST/STM32_USB_Device_Library/Core/Src/usbd_ctlreq.o
                0x000000000800255e                USBD_CtlError
 .text.USBD_GetString
                0x0000000008002574       0x38 ./Middlewares/ST/STM32_USB_Device_Library/Core/Src/usbd_ctlreq.o
                0x0000000008002574                USBD_GetString
 .text.USBD_CtlSendData
                0x00000000080025ac       0x1a ./Middlewares/ST/STM32_USB_Device_Library/Core/Src/usbd_ioreq.o
                0x00000000080025ac                USBD_CtlSendData
 .text.USBD_CtlContinueSendData
                0x00000000080025c6       0x10 ./Middlewares/ST/STM32_USB_Device_Library/Core/Src/usbd_ioreq.o
                0x00000000080025c6                USBD_CtlContinueSendData
 .text.USBD_CtlPrepareRx
                0x00000000080025d6       0x1a ./Middlewares/ST/STM32_USB_Device_Library/Core/Src/usbd_ioreq.o
                0x00000000080025d6                USBD_CtlPrepareRx
 .text.USBD_CtlContinueRx
                0x00000000080025f0       0x10 ./Middlewares/ST/STM32_USB_Device_Library/Core/Src/usbd_ioreq.o
                0x00000000080025f0                USBD_CtlContinueRx
 .text.USBD_CtlSendStatus
                0x0000000008002600       0x16 ./Middlewares/ST/STM32_USB_Device_Library/Core/Src/usbd_ioreq.o
                0x0000000008002600                USBD_CtlSendStatus
 .text.USBD_CtlReceiveStatus
                0x0000000008002616       0x16 ./Middlewares/ST/STM32_USB_Device_Library/Core/Src/usbd_ioreq.o
                0x0000000008002616                USBD_CtlReceiveStatus
 .text.SystemClock_Config
                0x000000000800262c       0x82 ./Src/main.o
                0x000000000800262c                SystemClock_Config
 *fill*         0x00000000080026ae        0x2 
 .text.startup.main
                0x00000000080026b0       0x98 ./Src/main.o
                0x00000000080026b0                main
 .text._Error_Handler
                0x0000000008002748        0x2 ./Src/main.o
                0x0000000008002748                _Error_Handler
 *fill*         0x000000000800274a        0x2 
 .text.HAL_MspInit
                0x000000000800274c       0xa0 ./Src/stm32f1xx_hal_msp.o
                0x000000000800274c                HAL_MspInit
 .text.NMI_Handler
                0x00000000080027ec        0x2 ./Src/stm32f1xx_it.o
                0x00000000080027ec                NMI_Handler
 .text.HardFault_Handler
                0x00000000080027ee        0x2 ./Src/stm32f1xx_it.o
                0x00000000080027ee                HardFault_Handler
 .text.MemManage_Handler
                0x00000000080027f0        0x2 ./Src/stm32f1xx_it.o
                0x00000000080027f0                MemManage_Handler
 .text.BusFault_Handler
                0x00000000080027f2        0x2 ./Src/stm32f1xx_it.o
                0x00000000080027f2                BusFault_Handler
 .text.UsageFault_Handler
                0x00000000080027f4        0x2 ./Src/stm32f1xx_it.o
                0x00000000080027f4                UsageFault_Handler
 .text.SVC_Handler
                0x00000000080027f6        0x2 ./Src/stm32f1xx_it.o
                0x00000000080027f6                SVC_Handler
 .text.DebugMon_Handler
                0x00000000080027f8        0x2 ./Src/stm32f1xx_it.o
                0x00000000080027f8                DebugMon_Handler
 .text.PendSV_Handler
                0x00000000080027fa        0x2 ./Src/stm32f1xx_it.o
                0x00000000080027fa                PendSV_Handler
 .text.SysTick_Handler
                0x00000000080027fc        0xe ./Src/stm32f1xx_it.o
                0x00000000080027fc                SysTick_Handler
 *fill*         0x000000000800280a        0x2 
 .text.USB_LP_CAN1_RX0_IRQHandler
                0x000000000800280c        0xc ./Src/stm32f1xx_it.o
                0x000000000800280c                USB_LP_CAN1_RX0_IRQHandler
 .text.SystemInit
                0x0000000008002818       0x4c ./Src/system_stm32f1xx.o
                0x0000000008002818                SystemInit
 .text.MX_USB_DEVICE_Init
                0x0000000008002864       0x38 ./Src/usb_device.o
                0x0000000008002864                MX_USB_DEVICE_Init
 .text.HAL_PCD_MspInit
                0x000000000800289c       0x40 ./Src/usbd_conf.o
                0x000000000800289c                HAL_PCD_MspInit
 .text.HAL_PCD_SetupStageCallback
                0x00000000080028dc        0xc ./Src/usbd_conf.o
                0x00000000080028dc                HAL_PCD_SetupStageCallback
 .text.HAL_PCD_DataOutStageCallback
                0x00000000080028e8       0x10 ./Src/usbd_conf.o
                0x00000000080028e8                HAL_PCD_DataOutStageCallback
 .text.HAL_PCD_DataInStageCallback
                0x00000000080028f8        0xe ./Src/usbd_conf.o
                0x00000000080028f8                HAL_PCD_DataInStageCallback
 .text.HAL_PCD_SOFCallback
                0x0000000008002906        0x8 ./Src/usbd_conf.o
                0x0000000008002906                HAL_PCD_SOFCallback
 .text.HAL_PCD_ResetCallback
                0x000000000800290e       0x1a ./Src/usbd_conf.o
                0x000000000800290e                HAL_PCD_ResetCallback
 .text.HAL_PCD_SuspendCallback
                0x0000000008002928       0x20 ./Src/usbd_conf.o
                0x0000000008002928                HAL_PCD_SuspendCallback
 .text.HAL_PCD_ResumeCallback
                0x0000000008002948        0x8 ./Src/usbd_conf.o
                0x0000000008002948                HAL_PCD_ResumeCallback
 .text.USBD_LL_Init
                0x0000000008002950       0x64 ./Src/usbd_conf.o
                0x0000000008002950                USBD_LL_Init
 .text.USBD_LL_Start
                0x00000000080029b4       0x1c ./Src/usbd_conf.o
                0x00000000080029b4                USBD_LL_Start
 .text.USBD_LL_Stop
                0x00000000080029d0       0x1c ./Src/usbd_conf.o
                0x00000000080029d0                USBD_LL_Stop
 .text.USBD_LL_OpenEP
                0x00000000080029ec       0x20 ./Src/usbd_conf.o
                0x00000000080029ec                USBD_LL_OpenEP
 .text.USBD_LL_StallEP
                0x0000000008002a0c       0x1c ./Src/usbd_conf.o
                0x0000000008002a0c                USBD_LL_StallEP
 .text.USBD_LL_ClearStallEP
                0x0000000008002a28       0x1c ./Src/usbd_conf.o
                0x0000000008002a28                USBD_LL_ClearStallEP
 .text.USBD_LL_IsStallEP
                0x0000000008002a44       0x20 ./Src/usbd_conf.o
                0x0000000008002a44                USBD_LL_IsStallEP
 .text.USBD_LL_SetUSBAddress
                0x0000000008002a64       0x1c ./Src/usbd_conf.o
                0x0000000008002a64                USBD_LL_SetUSBAddress
 .text.USBD_LL_Transmit
                0x0000000008002a80       0x1c ./Src/usbd_conf.o
                0x0000000008002a80                USBD_LL_Transmit
 .text.USBD_LL_PrepareReceive
                0x0000000008002a9c       0x1c ./Src/usbd_conf.o
                0x0000000008002a9c                USBD_LL_PrepareReceive
 .text.USBD_static_malloc
                0x0000000008002ab8        0x8 ./Src/usbd_conf.o
                0x0000000008002ab8                USBD_static_malloc
 .text.USBD_static_free
                0x0000000008002ac0        0x2 ./Src/usbd_conf.o
                0x0000000008002ac0                USBD_static_free
 .text.HAL_PCDEx_SetConnectionState
                0x0000000008002ac2        0x2 ./Src/usbd_conf.o
                0x0000000008002ac2                HAL_PCDEx_SetConnectionState
 .text.USBD_FS_DeviceDescriptor
                0x0000000008002ac4        0xc ./Src/usbd_desc.o
                0x0000000008002ac4                USBD_FS_DeviceDescriptor
 .text.USBD_FS_LangIDStrDescriptor
                0x0000000008002ad0        0xc ./Src/usbd_desc.o
                0x0000000008002ad0                USBD_FS_LangIDStrDescriptor
 .text.USBD_FS_ManufacturerStrDescriptor
                0x0000000008002adc       0x1c ./Src/usbd_desc.o
                0x0000000008002adc                USBD_FS_ManufacturerStrDescriptor
 .text.USBD_FS_ProductStrDescriptor
                0x0000000008002af8       0x1c ./Src/usbd_desc.o
                0x0000000008002af8                USBD_FS_ProductStrDescriptor
 .text.USBD_FS_SerialStrDescriptor
                0x0000000008002b14       0x1c ./Src/usbd_desc.o
                0x0000000008002b14                USBD_FS_SerialStrDescriptor
 .text.USBD_FS_ConfigStrDescriptor
                0x0000000008002b30       0x1c ./Src/usbd_desc.o
                0x0000000008002b30                USBD_FS_ConfigStrDescriptor
 .text.USBD_FS_InterfaceStrDescriptor
                0x0000000008002b4c       0x1c ./Src/usbd_desc.o
                0x0000000008002b4c                USBD_FS_InterfaceStrDescriptor
 .text.MEM_If_Read_FS
                0x0000000008002b68       0x1a ./Src/usbd_dfu_if.o
 .text.MEM_If_GetStatus_FS
                0x0000000008002b82        0x4 ./Src/usbd_dfu_if.o
 .text.MEM_If_Write_FS
                0x0000000008002b86       0x38 ./Src/usbd_dfu_if.o
 .text.MEM_If_Erase_FS
                0x0000000008002bbe       0x24 ./Src/usbd_dfu_if.o
 .text.MEM_If_DeInit_FS
                0x0000000008002be2        0xa ./Src/usbd_dfu_if.o
 .text.MEM_If_Init_FS
                0x0000000008002bec       0x14 ./Src/usbd_dfu_if.o
 .text.Reset_Handler
                0x0000000008002c00       0x48 ./startup/startup_stm32f103xb.o
                0x0000000008002c00                Reset_Handler
 .text.Default_Handler
                0x0000000008002c48        0x2 ./startup/startup_stm32f103xb.o
                0x0000000008002c48                RTC_Alarm_IRQHandler
                0x0000000008002c48                EXTI2_IRQHandler
                0x0000000008002c48                TIM1_CC_IRQHandler
                0x0000000008002c48                PVD_IRQHandler
                0x0000000008002c48                EXTI3_IRQHandler
                0x0000000008002c48                EXTI0_IRQHandler
                0x0000000008002c48                I2C2_EV_IRQHandler
                0x0000000008002c48                ADC1_2_IRQHandler
                0x0000000008002c48                SPI1_IRQHandler
                0x0000000008002c48                TAMPER_IRQHandler
                0x0000000008002c48                DMA1_Channel4_IRQHandler
                0x0000000008002c48                USART3_IRQHandler
                0x0000000008002c48                RTC_IRQHandler
                0x0000000008002c48                DMA1_Channel7_IRQHandler
                0x0000000008002c48                CAN1_RX1_IRQHandler
                0x0000000008002c48                TIM4_IRQHandler
                0x0000000008002c48                I2C1_EV_IRQHandler
                0x0000000008002c48                DMA1_Channel6_IRQHandler
                0x0000000008002c48                TIM3_IRQHandler
                0x0000000008002c48                RCC_IRQHandler
                0x0000000008002c48                TIM1_TRG_COM_IRQHandler
                0x0000000008002c48                DMA1_Channel1_IRQHandler
                0x0000000008002c48                Default_Handler
                0x0000000008002c48                EXTI15_10_IRQHandler
                0x0000000008002c48                EXTI9_5_IRQHandler
                0x0000000008002c48                SPI2_IRQHandler
                0x0000000008002c48                DMA1_Channel5_IRQHandler
                0x0000000008002c48                EXTI4_IRQHandler
                0x0000000008002c48                USB_HP_CAN1_TX_IRQHandler
                0x0000000008002c48                DMA1_Channel3_IRQHandler
                0x0000000008002c48                TIM1_UP_IRQHandler
                0x0000000008002c48                WWDG_IRQHandler
                0x0000000008002c48                TIM2_IRQHandler
                0x0000000008002c48                TIM1_BRK_IRQHandler
                0x0000000008002c48                EXTI1_IRQHandler
                0x0000000008002c48                USART2_IRQHandler
                0x0000000008002c48                I2C2_ER_IRQHandler
                0x0000000008002c48                DMA1_Channel2_IRQHandler
                0x0000000008002c48                CAN1_SCE_IRQHandler
                0x0000000008002c48                FLASH_IRQHandler
                0x0000000008002c48                USART1_IRQHandler
                0x0000000008002c48                I2C1_ER_IRQHandler
                0x0000000008002c48                USBWakeUp_IRQHandler
 *fill*         0x0000000008002c4a        0x2 
 .text.__libc_init_array
                0x0000000008002c4c       0x48 C:/ST/STM32CubeIDE_1.14.1/STM32CubeIDE/plugins/com.st.stm32cube.ide.mcu.externaltools.gnu-tools-for-stm32.11.3.rel1.win32_1.1.100.202309141235/tools/bin/../lib/gcc/arm-none-eabi/11.3.1/../../../../arm-none-eabi/lib/thumb/v7-m/nofp\libc_nano.a(libc_a-init.o)
                0x0000000008002c4c                __libc_init_array
 *(.glue_7)
 .glue_7        0x0000000008002c94        0x0 linker stubs
 *(.glue_7t)
 .glue_7t       0x0000000008002c94        0x0 linker stubs
 *(.eh_frame)
 .eh_frame      0x0000000008002c94        0x0 C:/ST/STM32CubeIDE_1.14.1/STM32CubeIDE/plugins/com.st.stm32cube.ide.mcu.externaltools.gnu-tools-for-stm32.11.3.rel1.win32_1.1.100.202309141235/tools/bin/../lib/gcc/arm-none-eabi/11.3.1/thumb/v7-m/nofp/crtbegin.o
 *(.init)
 .init          0x0000000008002c94        0x4 C:/ST/STM32CubeIDE_1.14.1/STM32CubeIDE/plugins/com.st.stm32cube.ide.mcu.externaltools.gnu-tools-for-stm32.11.3.rel1.win32_1.1.100.202309141235/tools/bin/../lib/gcc/arm-none-eabi/11.3.1/thumb/v7-m/nofp/crti.o
                0x0000000008002c94                _init
 .init          0x0000000008002c98        0x8 C:/ST/STM32CubeIDE_1.14.1/STM32CubeIDE/plugins/com.st.stm32cube.ide.mcu.externaltools.gnu-tools-for-stm32.11.3.rel1.win32_1.1.100.202309141235/tools/bin/../lib/gcc/arm-none-eabi/11.3.1/thumb/v7-m/nofp/crtn.o
 *(.fini)
 .fini          0x0000000008002ca0        0x4 C:/ST/STM32CubeIDE_1.14.1/STM32CubeIDE/plugins/com.st.stm32cube.ide.mcu.externaltools.gnu-tools-for-stm32.11.3.rel1.win32_1.1.100.202309141235/tools/bin/../lib/gcc/arm-none-eabi/11.3.1/thumb/v7-m/nofp/crti.o
                0x0000000008002ca0                _fini
 .fini          0x0000000008002ca4        0x8 C:/ST/STM32CubeIDE_1.14.1/STM32CubeIDE/plugins/com.st.stm32cube.ide.mcu.externaltools.gnu-tools-for-stm32.11.3.rel1.win32_1.1.100.202309141235/tools/bin/../lib/gcc/arm-none-eabi/11.3.1/thumb/v7-m/nofp/crtn.o
                0x0000000008002cac                . = ALIGN (0x4)
                0x0000000008002cac                _etext = .

.vfp11_veneer   0x0000000008002cac        0x0
 .vfp11_veneer  0x0000000008002cac        0x0 linker stubs

.v4_bx          0x0000000008002cac        0x0
 .v4_bx         0x0000000008002cac        0x0 linker stubs

.iplt           0x0000000008002cac        0x0
 .iplt          0x0000000008002cac        0x0 C:/ST/STM32CubeIDE_1.14.1/STM32CubeIDE/plugins/com.st.stm32cube.ide.mcu.externaltools.gnu-tools-for-stm32.11.3.rel1.win32_1.1.100.202309141235/tools/bin/../lib/gcc/arm-none-eabi/11.3.1/thumb/v7-m/nofp/crtbegin.o

.rodata         0x0000000008002cac       0xcc
                0x0000000008002cac                . = ALIGN (0x4)
 *(.rodata)
 *(.rodata*)
 .rodata.HAL_RCC_GetSysClockFreq.str1.1
                0x0000000008002cac       0x11 ./Drivers/STM32F1xx_HAL_Driver/Src/stm32f1xx_hal_rcc.o
 .rodata.AHBPrescTable
                0x0000000008002cbd       0x10 ./Src/system_stm32f1xx.o
                0x0000000008002cbd                AHBPrescTable
 .rodata.USBD_LL_Init.str1.1
                0x0000000008002ccd       0x13 ./Src/usbd_conf.o
 .rodata.CSWTCH.17
                0x0000000008002ce0        0x4 ./Src/usbd_conf.o
 .rodata.USBD_FS_ManufacturerStrDescriptor.str1.1
                0x0000000008002ce4       0x13 ./Src/usbd_desc.o
 .rodata.USBD_FS_ProductStrDescriptor.str1.1
                0x0000000008002cf7       0x1f ./Src/usbd_desc.o
 .rodata.USBD_FS_SerialStrDescriptor.str1.1
                0x0000000008002d16        0xd ./Src/usbd_desc.o
 .rodata.USBD_FS_ConfigStrDescriptor.str1.1
                0x0000000008002d23        0xb ./Src/usbd_desc.o
 .rodata.USBD_FS_InterfaceStrDescriptor.str1.1
                0x0000000008002d2e        0xe ./Src/usbd_desc.o
 .rodata.str1.1
                0x0000000008002d3c       0x39 ./Src/usbd_dfu_if.o
                0x0000000008002d78                . = ALIGN (0x4)
 *fill*         0x0000000008002d75        0x3 

.rel.dyn        0x0000000008002d78        0x0
 .rel.iplt      0x0000000008002d78        0x0 C:/ST/STM32CubeIDE_1.14.1/STM32CubeIDE/plugins/com.st.stm32cube.ide.mcu.externaltools.gnu-tools-for-stm32.11.3.rel1.win32_1.1.100.202309141235/tools/bin/../lib/gcc/arm-none-eabi/11.3.1/thumb/v7-m/nofp/crtbegin.o

.ARM.extab
 *(.ARM.extab* .gnu.linkonce.armextab.*)

.ARM            0x0000000008002d78        0x0
                0x0000000008002d78                __exidx_start = .
 *(.ARM.exidx*)
                0x0000000008002d78                __exidx_end = .

.preinit_array  0x0000000008002d78        0x0
                0x0000000008002d78                PROVIDE (__preinit_array_start = .)
 *(.preinit_array*)
                0x0000000008002d78                PROVIDE (__preinit_array_end = .)

.init_array     0x0000000008002d78        0x4
                0x0000000008002d78                PROVIDE (__init_array_start = .)
 *(SORT_BY_NAME(.init_array.*))
 *(.init_array*)
 .init_array    0x0000000008002d78        0x4 C:/ST/STM32CubeIDE_1.14.1/STM32CubeIDE/plugins/com.st.stm32cube.ide.mcu.externaltools.gnu-tools-for-stm32.11.3.rel1.win32_1.1.100.202309141235/tools/bin/../lib/gcc/arm-none-eabi/11.3.1/thumb/v7-m/nofp/crtbegin.o
                0x0000000008002d7c                PROVIDE (__init_array_end = .)

.fini_array     0x0000000008002d7c        0x4
                [!provide]                        PROVIDE (__fini_array_start = .)
 *(SORT_BY_NAME(.fini_array.*))
 *(.fini_array*)
 .fini_array    0x0000000008002d7c        0x4 C:/ST/STM32CubeIDE_1.14.1/STM32CubeIDE/plugins/com.st.stm32cube.ide.mcu.externaltools.gnu-tools-for-stm32.11.3.rel1.win32_1.1.100.202309141235/tools/bin/../lib/gcc/arm-none-eabi/11.3.1/thumb/v7-m/nofp/crtbegin.o
                [!provide]                        PROVIDE (__fini_array_end = .)
                0x0000000008002d80                _sidata = LOADADDR (.data)

.data           0x0000000020000000       0xc0 load address 0x0000000008002d80
                0x0000000020000000                . = ALIGN (0x4)
                0x0000000020000000                _sdata = .
 *(.data)
 *(.data*)
 .data.uwTickFreq
                0x0000000020000000        0x1 ./Drivers/STM32F1xx_HAL_Driver/Src/stm32f1xx_hal.o
                0x0000000020000000                uwTickFreq
 *fill*         0x0000000020000001        0x3 
 .data.uwTickPrio
                0x0000000020000004        0x4 ./Drivers/STM32F1xx_HAL_Driver/Src/stm32f1xx_hal.o
                0x0000000020000004                uwTickPrio
 .data.USBD_DFU
                0x0000000020000008       0x3c ./Middlewares/ST/STM32_USB_Device_Library/Class/DFU/Src/usbd_dfu.o
                0x0000000020000008                USBD_DFU
 .data.USBD_DFU_CfgDesc
                0x0000000020000044       0x1b ./Middlewares/ST/STM32_USB_Device_Library/Class/DFU/Src/usbd_dfu.o
 *fill*         0x000000002000005f        0x1 
 .data.USBD_DFU_DeviceQualifierDesc
                0x0000000020000060        0xa ./Middlewares/ST/STM32_USB_Device_Library/Class/DFU/Src/usbd_dfu.o
 *fill*         0x000000002000006a        0x2 
 .data.SystemCoreClock
                0x000000002000006c        0x4 ./Src/system_stm32f1xx.o
                0x000000002000006c                SystemCoreClock
 .data.FS_Desc  0x0000000020000070       0x1c ./Src/usbd_desc.o
                0x0000000020000070                FS_Desc
 .data.USBD_FS_DeviceDesc
                0x000000002000008c       0x12 ./Src/usbd_desc.o
                0x000000002000008c                USBD_FS_DeviceDesc
 *fill*         0x000000002000009e        0x2 
 .data.USBD_LangIDDesc
                0x00000000200000a0        0x4 ./Src/usbd_desc.o
                0x00000000200000a0                USBD_LangIDDesc
 .data.USBD_DFU_fops_FS
                0x00000000200000a4       0x1c ./Src/usbd_dfu_if.o
                0x00000000200000a4                USBD_DFU_fops_FS
                0x00000000200000c0                . = ALIGN (0x4)
                0x00000000200000c0                _edata = .

.igot.plt       0x00000000200000c0        0x0 load address 0x0000000008002e40
 .igot.plt      0x00000000200000c0        0x0 C:/ST/STM32CubeIDE_1.14.1/STM32CubeIDE/plugins/com.st.stm32cube.ide.mcu.externaltools.gnu-tools-for-stm32.11.3.rel1.win32_1.1.100.202309141235/tools/bin/../lib/gcc/arm-none-eabi/11.3.1/thumb/v7-m/nofp/crtbegin.o
                0x00000000200000c0                . = ALIGN (0x4)

.bss            0x00000000200000c0      0xde0 load address 0x0000000008002e40
                0x00000000200000c0                _sbss = .
                0x00000000200000c0                __bss_start__ = _sbss
 *(.bss)
 .bss           0x00000000200000c0       0x1c C:/ST/STM32CubeIDE_1.14.1/STM32CubeIDE/plugins/com.st.stm32cube.ide.mcu.externaltools.gnu-tools-for-stm32.11.3.rel1.win32_1.1.100.202309141235/tools/bin/../lib/gcc/arm-none-eabi/11.3.1/thumb/v7-m/nofp/crtbegin.o
 *(.bss*)
 .bss.uwTick    0x00000000200000dc        0x4 ./Drivers/STM32F1xx_HAL_Driver/Src/stm32f1xx_hal.o
                0x00000000200000dc                uwTick
 .bss.pFlash    0x00000000200000e0       0x20 ./Drivers/STM32F1xx_HAL_Driver/Src/stm32f1xx_hal_flash.o
                0x00000000200000e0                pFlash
 .bss.USBD_StrDesc.0
                0x0000000020000100       0xff ./Middlewares/ST/STM32_USB_Device_Library/Class/DFU/Src/usbd_dfu.o
 .bss.cfgidx.0  0x00000000200001ff        0x1 ./Middlewares/ST/STM32_USB_Device_Library/Core/Src/usbd_ctlreq.o
 .bss.hUsbDeviceFS
                0x0000000020000200      0x224 ./Src/usb_device.o
                0x0000000020000200                hUsbDeviceFS
 .bss.hpcd_USB_FS
                0x0000000020000424      0x460 ./Src/usbd_conf.o
                0x0000000020000424                hpcd_USB_FS
 .bss.mem.0     0x0000000020000884      0x41c ./Src/usbd_conf.o
 .bss.USBD_StrDesc
                0x0000000020000ca0      0x200 ./Src/usbd_desc.o
                0x0000000020000ca0                USBD_StrDesc
 *(COMMON)
                0x0000000020000ea0                . = ALIGN (0x4)
                0x0000000020000ea0                _ebss = .
                0x0000000020000ea0                __bss_end__ = _ebss

._user_heap_stack
                0x0000000020000ea0      0x600 load address 0x0000000008002e40
                0x0000000020000ea0                . = ALIGN (0x4)
                0x0000000020000ea0                PROVIDE (end = .)
                [!provide]                        PROVIDE (_end = .)
                0x00000000200010a0                . = (. + _Min_Heap_Size)
 *fill*         0x0000000020000ea0      0x200 
                0x00000000200014a0                . = (. + _Min_Stack_Size)
 *fill*         0x00000000200010a0      0x400 
                0x00000000200014a0                . = ALIGN (0x4)

/DISCARD/
 libc.a(*)
 libm.a(*)
 libgcc.a(*)

.ARM.attributes
                0x0000000000000000       0x29
 *(.ARM.attributes)
 .ARM.attributes
                0x0000000000000000       0x1d C:/ST/STM32CubeIDE_1.14.1/STM32CubeIDE/plugins/com.st.stm32cube.ide.mcu.externaltools.gnu-tools-for-stm32.11.3.rel1.win32_1.1.100.202309141235/tools/bin/../lib/gcc/arm-none-eabi/11.3.1/thumb/v7-m/nofp/crti.o
 .ARM.attributes
                0x000000000000001d       0x2d C:/ST/STM32CubeIDE_1.14.1/STM32CubeIDE/plugins/com.st.stm32cube.ide.mcu.externaltools.gnu-tools-for-stm32.11.3.rel1.win32_1.1.100.202309141235/tools/bin/../lib/gcc/arm-none-eabi/11.3.1/thumb/v7-m/nofp/crtbegin.o
 .ARM.attributes
                0x000000000000004a       0x2d ./Drivers/STM32F1xx_HAL_Driver/Src/stm32f1xx_hal.o
 .ARM.attributes
                0x0000000000000077       0x2d ./Drivers/STM32F1xx_HAL_Driver/Src/stm32f1xx_hal_cortex.o
 .ARM.attributes
                0x00000000000000a4       0x2d ./Drivers/STM32F1xx_HAL_Driver/Src/stm32f1xx_hal_flash.o
 .ARM.attributes
                0x00000000000000d1       0x2d ./Drivers/STM32F1xx_HAL_Driver/Src/stm32f1xx_hal_flash_ex.o
 .ARM.attributes
                0x00000000000000fe       0x2d ./Drivers/STM32F1xx_HAL_Driver/Src/stm32f1xx_hal_gpio.o
 .ARM.attributes
                0x000000000000012b       0x2d ./Drivers/STM32F1xx_HAL_Driver/Src/stm32f1xx_hal_pcd.o
 .ARM.attributes
                0x0000000000000158       0x2d ./Drivers/STM32F1xx_HAL_Driver/Src/stm32f1xx_hal_pcd_ex.o
 .ARM.attributes
                0x0000000000000185       0x2d ./Drivers/STM32F1xx_HAL_Driver/Src/stm32f1xx_hal_rcc.o
 .ARM.attributes
                0x00000000000001b2       0x2d ./Drivers/STM32F1xx_HAL_Driver/Src/stm32f1xx_hal_rcc_ex.o
 .ARM.attributes
                0x00000000000001df       0x2d ./Drivers/STM32F1xx_HAL_Driver/Src/stm32f1xx_ll_usb.o
 .ARM.attributes
                0x000000000000020c       0x2d ./Middlewares/ST/STM32_USB_Device_Library/Class/DFU/Src/usbd_dfu.o
 .ARM.attributes
                0x0000000000000239       0x2d ./Middlewares/ST/STM32_USB_Device_Library/Core/Src/usbd_core.o
 .ARM.attributes
                0x0000000000000266       0x2d ./Middlewares/ST/STM32_USB_Device_Library/Core/Src/usbd_ctlreq.o
 .ARM.attributes
                0x0000000000000293       0x2d ./Middlewares/ST/STM32_USB_Device_Library/Core/Src/usbd_ioreq.o
 .ARM.attributes
                0x00000000000002c0       0x2d ./Src/main.o
 .ARM.attributes
                0x00000000000002ed       0x2d ./Src/stm32f1xx_hal_msp.o
 .ARM.attributes
                0x000000000000031a       0x2d ./Src/stm32f1xx_it.o
 .ARM.attributes
                0x0000000000000347       0x2d ./Src/system_stm32f1xx.o
 .ARM.attributes
                0x0000000000000374       0x2d ./Src/usb_device.o
 .ARM.attributes
                0x00000000000003a1       0x2d ./Src/usbd_conf.o
 .ARM.attributes
                0x00000000000003ce       0x2d ./Src/usbd_desc.o
 .ARM.attributes
                0x00000000000003fb       0x2d ./Src/usbd_dfu_if.o
 .ARM.attributes
                0x0000000000000428       0x21 ./startup/startup_stm32f103xb.o
 .ARM.attributes
                0x0000000000000449       0x2d C:/ST/STM32CubeIDE_1.14.1/STM32CubeIDE/plugins/com.st.stm32cube.ide.mcu.externaltools.gnu-tools-for-stm32.11.3.rel1.win32_1.1.100.202309141235/tools/bin/../lib/gcc/arm-none-eabi/11.3.1/../../../../arm-none-eabi/lib/thumb/v7-m/nofp\libc_nano.a(libc_a-init.o)
 .ARM.attributes
                0x0000000000000476       0x1d C:/ST/STM32CubeIDE_1.14.1/STM32CubeIDE/plugins/com.st.stm32cube.ide.mcu.externaltools.gnu-tools-for-stm32.11.3.rel1.win32_1.1.100.202309141235/tools/bin/../lib/gcc/arm-none-eabi/11.3.1/thumb/v7-m/nofp/crtn.o
OUTPUT(STM32F103DFUBootloader.elf elf32-littlearm)
LOAD linker stubs
LOAD C:/ST/STM32CubeIDE_1.14.1/STM32CubeIDE/plugins/com.st.stm32cube.ide.mcu.externaltools.gnu-tools-for-stm32.11.3.rel1.win32_1.1.100.202309141235/tools/bin/../lib/gcc/arm-none-eabi/11.3.1/../../../../arm-none-eabi/lib/thumb/v7-m/nofp\libc.a
LOAD C:/ST/STM32CubeIDE_1.14.1/STM32CubeIDE/plugins/com.st.stm32cube.ide.mcu.externaltools.gnu-tools-for-stm32.11.3.rel1.win32_1.1.100.202309141235/tools/bin/../lib/gcc/arm-none-eabi/11.3.1/../../../../arm-none-eabi/lib/thumb/v7-m/nofp\libm.a
LOAD C:/ST/STM32CubeIDE_1.14.1/STM32CubeIDE/plugins/com.st.stm32cube.ide.mcu.externaltools.gnu-tools-for-stm32.11.3.rel1.win32_1.1.100.202309141235/tools/bin/../lib/gcc/arm-none-eabi/11.3.1/thumb/v7-m/nofp\libgcc.a

.comment        0x0000000000000000       0x43
 .comment       0x0000000000000000       0x43 C:/ST/STM32CubeIDE_1.14.1/STM32CubeIDE/plugins/com.st.stm32cube.ide.mcu.externaltools.gnu-tools-for-stm32.11.3.rel1.win32_1.1.100.202309141235/tools/bin/../lib/gcc/arm-none-eabi/11.3.1/thumb/v7-m/nofp/crtbegin.o
                                         0x44 (size before relaxing)
 .comment       0x0000000000000043       0x44 ./Drivers/STM32F1xx_HAL_Driver/Src/stm32f1xx_hal.o
 .comment       0x0000000000000043       0x44 ./Drivers/STM32F1xx_HAL_Driver/Src/stm32f1xx_hal_cortex.o
 .comment       0x0000000000000043       0x44 ./Drivers/STM32F1xx_HAL_Driver/Src/stm32f1xx_hal_flash.o
 .comment       0x0000000000000043       0x44 ./Drivers/STM32F1xx_HAL_Driver/Src/stm32f1xx_hal_flash_ex.o
 .comment       0x0000000000000043       0x44 ./Drivers/STM32F1xx_HAL_Driver/Src/stm32f1xx_hal_gpio.o
 .comment       0x0000000000000043       0x44 ./Drivers/STM32F1xx_HAL_Driver/Src/stm32f1xx_hal_pcd.o
 .comment       0x0000000000000043       0x44 ./Drivers/STM32F1xx_HAL_Driver/Src/stm32f1xx_hal_pcd_ex.o
 .comment       0x0000000000000043       0x44 ./Drivers/STM32F1xx_HAL_Driver/Src/stm32f1xx_hal_rcc.o
 .comment       0x0000000000000043       0x44 ./Drivers/STM32F1xx_HAL_Driver/Src/stm32f1xx_hal_rcc_ex.o
 .comment       0x0000000000000043       0x44 ./Drivers/STM32F1xx_HAL_Driver/Src/stm32f1xx_ll_usb.o
 .comment       0x0000000000000043       0x44 ./Middlewares/ST/STM32_USB_Device_Library/Class/DFU/Src/usbd_dfu.o
 .comment       0x0000000000000043       0x44 ./Middlewares/ST/STM32_USB_Device_Library/Core/Src/usbd_core.o
 .comment       0x0000000000000043       0x44 ./Middlewares/ST/STM32_USB_Device_Library/Core/Src/usbd_ctlreq.o
 .comment       0x0000000000000043       0x44 ./Middlewares/ST/STM32_USB_Device_Library/Core/Src/usbd_ioreq.o
 .comment       0x0000000000000043       0x44 ./Src/main.o
 .comment       0x0000000000000043       0x44 ./Src/stm32f1xx_hal_msp.o
 .comment       0x0000000000000043       0x44 ./Src/stm32f1xx_it.o
 .comment       0x0000000000000043       0x44 ./Src/system_stm32f1xx.o
 .comment       0x0000000000000043       0x44 ./Src/usb_device.o
 .comment       0x0000000000000043       0x44 ./Src/usbd_conf.o
 .comment       0x0000000000000043       0x44 ./Src/usbd_desc.o
 .comment       0x0000000000000043       0x44 ./Src/usbd_dfu_if.o

.debug_info     0x0000000000000000     0xdc3d
 .debug_info    0x0000000000000000      0x7a0 ./Drivers/STM32F1xx_HAL_Driver/Src/stm32f1xx_hal.o
 .debug_info    0x00000000000007a0      0xc95 ./Drivers/STM32F1xx_HAL_Driver/Src/stm32f1xx_hal_cortex.o
 .debug_info    0x0000000000001435      0x670 ./Drivers/STM32F1xx_HAL_Driver/Src/stm32f1xx_hal_flash.o
 .debug_info    0x0000000000001aa5      0xbab ./Drivers/STM32F1xx_HAL_Driver/Src/stm32f1xx_hal_flash_ex.o
 .debug_info    0x0000000000002650      0x612 ./Drivers/STM32F1xx_HAL_Driver/Src/stm32f1xx_hal_gpio.o
 .debug_info    0x0000000000002c62     0x12b7 ./Drivers/STM32F1xx_HAL_Driver/Src/stm32f1xx_hal_pcd.o
 .debug_info    0x0000000000003f19      0x5ca ./Drivers/STM32F1xx_HAL_Driver/Src/stm32f1xx_hal_pcd_ex.o
 .debug_info    0x00000000000044e3      0xa5a ./Drivers/STM32F1xx_HAL_Driver/Src/stm32f1xx_hal_rcc.o
 .debug_info    0x0000000000004f3d      0x421 ./Drivers/STM32F1xx_HAL_Driver/Src/stm32f1xx_hal_rcc_ex.o
 .debug_info    0x000000000000535e      0xfcc ./Drivers/STM32F1xx_HAL_Driver/Src/stm32f1xx_ll_usb.o
 .debug_info    0x000000000000632a     0x12f2 ./Middlewares/ST/STM32_USB_Device_Library/Class/DFU/Src/usbd_dfu.o
 .debug_info    0x000000000000761c      0xd39 ./Middlewares/ST/STM32_USB_Device_Library/Core/Src/usbd_core.o
 .debug_info    0x0000000000008355      0xd20 ./Middlewares/ST/STM32_USB_Device_Library/Core/Src/usbd_ctlreq.o
 .debug_info    0x0000000000009075      0x7de ./Middlewares/ST/STM32_USB_Device_Library/Core/Src/usbd_ioreq.o
 .debug_info    0x0000000000009853      0x903 ./Src/main.o
 .debug_info    0x000000000000a156      0x45f ./Src/stm32f1xx_hal_msp.o
 .debug_info    0x000000000000a5b5      0x5c8 ./Src/stm32f1xx_it.o
 .debug_info    0x000000000000ab7d      0x403 ./Src/system_stm32f1xx.o
 .debug_info    0x000000000000af80      0x701 ./Src/usb_device.o
 .debug_info    0x000000000000b681     0x1b04 ./Src/usbd_conf.o
 .debug_info    0x000000000000d185      0x54b ./Src/usbd_desc.o
 .debug_info    0x000000000000d6d0      0x54a ./Src/usbd_dfu_if.o
 .debug_info    0x000000000000dc1a       0x23 ./startup/startup_stm32f103xb.o

.debug_abbrev   0x0000000000000000     0x36ec
 .debug_abbrev  0x0000000000000000      0x291 ./Drivers/STM32F1xx_HAL_Driver/Src/stm32f1xx_hal.o
 .debug_abbrev  0x0000000000000291      0x356 ./Drivers/STM32F1xx_HAL_Driver/Src/stm32f1xx_hal_cortex.o
 .debug_abbrev  0x00000000000005e7      0x30e ./Drivers/STM32F1xx_HAL_Driver/Src/stm32f1xx_hal_flash.o
 .debug_abbrev  0x00000000000008f5      0x304 ./Drivers/STM32F1xx_HAL_Driver/Src/stm32f1xx_hal_flash_ex.o
 .debug_abbrev  0x0000000000000bf9      0x1fe ./Drivers/STM32F1xx_HAL_Driver/Src/stm32f1xx_hal_gpio.o
 .debug_abbrev  0x0000000000000df7      0x37d ./Drivers/STM32F1xx_HAL_Driver/Src/stm32f1xx_hal_pcd.o
 .debug_abbrev  0x0000000000001174      0x18d ./Drivers/STM32F1xx_HAL_Driver/Src/stm32f1xx_hal_pcd_ex.o
 .debug_abbrev  0x0000000000001301      0x317 ./Drivers/STM32F1xx_HAL_Driver/Src/stm32f1xx_hal_rcc.o
 .debug_abbrev  0x0000000000001618      0x1d8 ./Drivers/STM32F1xx_HAL_Driver/Src/stm32f1xx_hal_rcc_ex.o
 .debug_abbrev  0x00000000000017f0      0x29e ./Drivers/STM32F1xx_HAL_Driver/Src/stm32f1xx_ll_usb.o
 .debug_abbrev  0x0000000000001a8e      0x457 ./Middlewares/ST/STM32_USB_Device_Library/Class/DFU/Src/usbd_dfu.o
 .debug_abbrev  0x0000000000001ee5      0x2c7 ./Middlewares/ST/STM32_USB_Device_Library/Core/Src/usbd_core.o
 .debug_abbrev  0x00000000000021ac      0x395 ./Middlewares/ST/STM32_USB_Device_Library/Core/Src/usbd_ctlreq.o
 .debug_abbrev  0x0000000000002541      0x186 ./Middlewares/ST/STM32_USB_Device_Library/Core/Src/usbd_ioreq.o
 .debug_abbrev  0x00000000000026c7      0x2a0 ./Src/main.o
 .debug_abbrev  0x0000000000002967      0x14f ./Src/stm32f1xx_hal_msp.o
 .debug_abbrev  0x0000000000002ab6      0x1df ./Src/stm32f1xx_it.o
 .debug_abbrev  0x0000000000002c95      0x145 ./Src/system_stm32f1xx.o
 .debug_abbrev  0x0000000000002dda      0x179 ./Src/usb_device.o
 .debug_abbrev  0x0000000000002f53      0x321 ./Src/usbd_conf.o
 .debug_abbrev  0x0000000000003274      0x1f8 ./Src/usbd_desc.o
 .debug_abbrev  0x000000000000346c      0x26e ./Src/usbd_dfu_if.o
 .debug_abbrev  0x00000000000036da       0x12 ./startup/startup_stm32f103xb.o

.debug_loclists
                0x0000000000000000     0x43a2
 .debug_loclists
                0x0000000000000000       0xb8 ./Drivers/STM32F1xx_HAL_Driver/Src/stm32f1xx_hal.o
 .debug_loclists
                0x00000000000000b8      0x316 ./Drivers/STM32F1xx_HAL_Driver/Src/stm32f1xx_hal_cortex.o
 .debug_loclists
                0x00000000000003ce      0x24d ./Drivers/STM32F1xx_HAL_Driver/Src/stm32f1xx_hal_flash.o
 .debug_loclists
                0x000000000000061b      0x52f ./Drivers/STM32F1xx_HAL_Driver/Src/stm32f1xx_hal_flash_ex.o
 .debug_loclists
                0x0000000000000b4a      0x370 ./Drivers/STM32F1xx_HAL_Driver/Src/stm32f1xx_hal_gpio.o
 .debug_loclists
                0x0000000000000eba      0x6ae ./Drivers/STM32F1xx_HAL_Driver/Src/stm32f1xx_hal_pcd.o
 .debug_loclists
                0x0000000000001568       0xa6 ./Drivers/STM32F1xx_HAL_Driver/Src/stm32f1xx_hal_pcd_ex.o
 .debug_loclists
                0x000000000000160e      0x41f ./Drivers/STM32F1xx_HAL_Driver/Src/stm32f1xx_hal_rcc.o
 .debug_loclists
                0x0000000000001a2d      0x24f ./Drivers/STM32F1xx_HAL_Driver/Src/stm32f1xx_hal_rcc_ex.o
 .debug_loclists
                0x0000000000001c7c      0x94e ./Drivers/STM32F1xx_HAL_Driver/Src/stm32f1xx_ll_usb.o
 .debug_loclists
                0x00000000000025ca      0x7b8 ./Middlewares/ST/STM32_USB_Device_Library/Class/DFU/Src/usbd_dfu.o
 .debug_loclists
                0x0000000000002d82      0x43e ./Middlewares/ST/STM32_USB_Device_Library/Core/Src/usbd_core.o
 .debug_loclists
                0x00000000000031c0      0x5cc ./Middlewares/ST/STM32_USB_Device_Library/Core/Src/usbd_ctlreq.o
 .debug_loclists
                0x000000000000378c      0x198 ./Middlewares/ST/STM32_USB_Device_Library/Core/Src/usbd_ioreq.o
 .debug_loclists
                0x0000000000003924       0x43 ./Src/main.o
 .debug_loclists
                0x0000000000003967       0x17 ./Src/stm32f1xx_hal_msp.o
 .debug_loclists
                0x000000000000397e       0xac ./Src/system_stm32f1xx.o
 .debug_loclists
                0x0000000000003a2a      0x690 ./Src/usbd_conf.o
 .debug_loclists
                0x00000000000040ba      0x1eb ./Src/usbd_desc.o
 .debug_loclists
                0x00000000000042a5       0xfd ./Src/usbd_dfu_if.o

.debug_aranges  0x0000000000000000      0x968
 .debug_aranges
                0x0000000000000000       0xc8 ./Drivers/STM32F1xx_HAL_Driver/Src/stm32f1xx_hal.o
 .debug_aranges
                0x00000000000000c8       0x90 ./Drivers/STM32F1xx_HAL_Driver/Src/stm32f1xx_hal_cortex.o
 .debug_aranges
                0x0000000000000158       0x78 ./Drivers/STM32F1xx_HAL_Driver/Src/stm32f1xx_hal_flash.o
 .debug_aranges
                0x00000000000001d0       0x58 ./Drivers/STM32F1xx_HAL_Driver/Src/stm32f1xx_hal_flash_ex.o
 .debug_aranges
                0x0000000000000228       0x58 ./Drivers/STM32F1xx_HAL_Driver/Src/stm32f1xx_hal_gpio.o
 .debug_aranges
                0x0000000000000280       0xc0 ./Drivers/STM32F1xx_HAL_Driver/Src/stm32f1xx_hal_pcd.o
 .debug_aranges
                0x0000000000000340       0x28 ./Drivers/STM32F1xx_HAL_Driver/Src/stm32f1xx_hal_pcd_ex.o
 .debug_aranges
                0x0000000000000368       0x88 ./Drivers/STM32F1xx_HAL_Driver/Src/stm32f1xx_hal_rcc.o
 .debug_aranges
                0x00000000000003f0       0x30 ./Drivers/STM32F1xx_HAL_Driver/Src/stm32f1xx_hal_rcc_ex.o
 .debug_aranges
                0x0000000000000420       0xe0 ./Drivers/STM32F1xx_HAL_Driver/Src/stm32f1xx_ll_usb.o
 .debug_aranges
                0x0000000000000500       0x68 ./Middlewares/ST/STM32_USB_Device_Library/Class/DFU/Src/usbd_dfu.o
 .debug_aranges
                0x0000000000000568       0xa8 ./Middlewares/ST/STM32_USB_Device_Library/Core/Src/usbd_core.o
 .debug_aranges
                0x0000000000000610       0x50 ./Middlewares/ST/STM32_USB_Device_Library/Core/Src/usbd_ctlreq.o
 .debug_aranges
                0x0000000000000660       0x50 ./Middlewares/ST/STM32_USB_Device_Library/Core/Src/usbd_ioreq.o
 .debug_aranges
                0x00000000000006b0       0x30 ./Src/main.o
 .debug_aranges
                0x00000000000006e0       0x20 ./Src/stm32f1xx_hal_msp.o
 .debug_aranges
                0x0000000000000700       0x50 ./Src/stm32f1xx_it.o
 .debug_aranges
                0x0000000000000750       0x28 ./Src/system_stm32f1xx.o
 .debug_aranges
                0x0000000000000778       0x20 ./Src/usb_device.o
 .debug_aranges
                0x0000000000000798      0x110 ./Src/usbd_conf.o
 .debug_aranges
                0x00000000000008a8       0x50 ./Src/usbd_desc.o
 .debug_aranges
                0x00000000000008f8       0x48 ./Src/usbd_dfu_if.o
 .debug_aranges
                0x0000000000000940       0x28 ./startup/startup_stm32f103xb.o

.debug_rnglists
                0x0000000000000000      0xa23
 .debug_rnglists
                0x0000000000000000       0x91 ./Drivers/STM32F1xx_HAL_Driver/Src/stm32f1xx_hal.o
 .debug_rnglists
                0x0000000000000091       0xc4 ./Drivers/STM32F1xx_HAL_Driver/Src/stm32f1xx_hal_cortex.o
 .debug_rnglists
                0x0000000000000155       0x84 ./Drivers/STM32F1xx_HAL_Driver/Src/stm32f1xx_hal_flash.o
 .debug_rnglists
                0x00000000000001d9       0xa6 ./Drivers/STM32F1xx_HAL_Driver/Src/stm32f1xx_hal_flash_ex.o
 .debug_rnglists
                0x000000000000027f       0x51 ./Drivers/STM32F1xx_HAL_Driver/Src/stm32f1xx_hal_gpio.o
 .debug_rnglists
                0x00000000000002d0       0xcb ./Drivers/STM32F1xx_HAL_Driver/Src/stm32f1xx_hal_pcd.o
 .debug_rnglists
                0x000000000000039b       0x19 ./Drivers/STM32F1xx_HAL_Driver/Src/stm32f1xx_hal_pcd_ex.o
 .debug_rnglists
                0x00000000000003b4       0x85 ./Drivers/STM32F1xx_HAL_Driver/Src/stm32f1xx_hal_rcc.o
 .debug_rnglists
                0x0000000000000439       0x3f ./Drivers/STM32F1xx_HAL_Driver/Src/stm32f1xx_hal_rcc_ex.o
 .debug_rnglists
                0x0000000000000478      0x197 ./Drivers/STM32F1xx_HAL_Driver/Src/stm32f1xx_ll_usb.o
 .debug_rnglists
                0x000000000000060f       0x9b ./Middlewares/ST/STM32_USB_Device_Library/Class/DFU/Src/usbd_dfu.o
 .debug_rnglists
                0x00000000000006aa       0x7a ./Middlewares/ST/STM32_USB_Device_Library/Core/Src/usbd_core.o
 .debug_rnglists
                0x0000000000000724       0x85 ./Middlewares/ST/STM32_USB_Device_Library/Core/Src/usbd_ctlreq.o
 .debug_rnglists
                0x00000000000007a9       0x37 ./Middlewares/ST/STM32_USB_Device_Library/Core/Src/usbd_ioreq.o
 .debug_rnglists
                0x00000000000007e0       0x33 ./Src/main.o
 .debug_rnglists
                0x0000000000000813       0x23 ./Src/stm32f1xx_hal_msp.o
 .debug_rnglists
                0x0000000000000836       0x37 ./Src/stm32f1xx_it.o
 .debug_rnglists
                0x000000000000086d       0x19 ./Src/system_stm32f1xx.o
 .debug_rnglists
                0x0000000000000886       0x13 ./Src/usb_device.o
 .debug_rnglists
                0x0000000000000899       0xd9 ./Src/usbd_conf.o
 .debug_rnglists
                0x0000000000000972       0x67 ./Src/usbd_desc.o
 .debug_rnglists
                0x00000000000009d9       0x31 ./Src/usbd_dfu_if.o
 .debug_rnglists
                0x0000000000000a0a       0x19 ./startup/startup_stm32f103xb.o

.debug_macro    0x0000000000000000    0x16b4c
 .debug_macro   0x0000000000000000      0x29f ./Drivers/STM32F1xx_HAL_Driver/Src/stm32f1xx_hal.o
 .debug_macro   0x000000000000029f      0xaa8 ./Drivers/STM32F1xx_HAL_Driver/Src/stm32f1xx_hal.o
 .debug_macro   0x0000000000000d47       0x1c ./Drivers/STM32F1xx_HAL_Driver/Src/stm32f1xx_hal.o
 .debug_macro   0x0000000000000d63      0x163 ./Drivers/STM32F1xx_HAL_Driver/Src/stm32f1xx_hal.o
 .debug_macro   0x0000000000000ec6       0x2e ./Drivers/STM32F1xx_HAL_Driver/Src/stm32f1xx_hal.o
 .debug_macro   0x0000000000000ef4       0x22 ./Drivers/STM32F1xx_HAL_Driver/Src/stm32f1xx_hal.o
 .debug_macro   0x0000000000000f16       0x22 ./Drivers/STM32F1xx_HAL_Driver/Src/stm32f1xx_hal.o
 .debug_macro   0x0000000000000f38       0x8e ./Drivers/STM32F1xx_HAL_Driver/Src/stm32f1xx_hal.o
 .debug_macro   0x0000000000000fc6       0x51 ./Drivers/STM32F1xx_HAL_Driver/Src/stm32f1xx_hal.o
 .debug_macro   0x0000000000001017      0x103 ./Drivers/STM32F1xx_HAL_Driver/Src/stm32f1xx_hal.o
 .debug_macro   0x000000000000111a       0x6a ./Drivers/STM32F1xx_HAL_Driver/Src/stm32f1xx_hal.o
 .debug_macro   0x0000000000001184      0x1df ./Drivers/STM32F1xx_HAL_Driver/Src/stm32f1xx_hal.o
 .debug_macro   0x0000000000001363       0x34 ./Drivers/STM32F1xx_HAL_Driver/Src/stm32f1xx_hal.o
 .debug_macro   0x0000000000001397       0x34 ./Drivers/STM32F1xx_HAL_Driver/Src/stm32f1xx_hal.o
 .debug_macro   0x00000000000013cb      0xb8e ./Drivers/STM32F1xx_HAL_Driver/Src/stm32f1xx_hal.o
 .debug_macro   0x0000000000001f59     0xe90a ./Drivers/STM32F1xx_HAL_Driver/Src/stm32f1xx_hal.o
 .debug_macro   0x0000000000010863       0x43 ./Drivers/STM32F1xx_HAL_Driver/Src/stm32f1xx_hal.o
 .debug_macro   0x00000000000108a6       0x61 ./Drivers/STM32F1xx_HAL_Driver/Src/stm32f1xx_hal.o
 .debug_macro   0x0000000000010907       0x24 ./Drivers/STM32F1xx_HAL_Driver/Src/stm32f1xx_hal.o
 .debug_macro   0x000000000001092b       0x43 ./Drivers/STM32F1xx_HAL_Driver/Src/stm32f1xx_hal.o
 .debug_macro   0x000000000001096e       0x34 ./Drivers/STM32F1xx_HAL_Driver/Src/stm32f1xx_hal.o
 .debug_macro   0x00000000000109a2       0x16 ./Drivers/STM32F1xx_HAL_Driver/Src/stm32f1xx_hal.o
 .debug_macro   0x00000000000109b8       0x97 ./Drivers/STM32F1xx_HAL_Driver/Src/stm32f1xx_hal.o
 .debug_macro   0x0000000000010a4f      0x369 ./Drivers/STM32F1xx_HAL_Driver/Src/stm32f1xx_hal.o
 .debug_macro   0x0000000000010db8       0xfd ./Drivers/STM32F1xx_HAL_Driver/Src/stm32f1xx_hal.o
 .debug_macro   0x0000000000010eb5       0x10 ./Drivers/STM32F1xx_HAL_Driver/Src/stm32f1xx_hal.o
 .debug_macro   0x0000000000010ec5       0x16 ./Drivers/STM32F1xx_HAL_Driver/Src/stm32f1xx_hal.o
 .debug_macro   0x0000000000010edb       0x43 ./Drivers/STM32F1xx_HAL_Driver/Src/stm32f1xx_hal.o
 .debug_macro   0x0000000000010f1e       0x34 ./Drivers/STM32F1xx_HAL_Driver/Src/stm32f1xx_hal.o
 .debug_macro   0x0000000000010f52       0x10 ./Drivers/STM32F1xx_HAL_Driver/Src/stm32f1xx_hal.o
 .debug_macro   0x0000000000010f62       0x58 ./Drivers/STM32F1xx_HAL_Driver/Src/stm32f1xx_hal.o
 .debug_macro   0x0000000000010fba       0x8e ./Drivers/STM32F1xx_HAL_Driver/Src/stm32f1xx_hal.o
 .debug_macro   0x0000000000011048       0x1c ./Drivers/STM32F1xx_HAL_Driver/Src/stm32f1xx_hal.o
 .debug_macro   0x0000000000011064      0x177 ./Drivers/STM32F1xx_HAL_Driver/Src/stm32f1xx_hal.o
 .debug_macro   0x00000000000111db       0x16 ./Drivers/STM32F1xx_HAL_Driver/Src/stm32f1xx_hal.o
 .debug_macro   0x00000000000111f1       0x16 ./Drivers/STM32F1xx_HAL_Driver/Src/stm32f1xx_hal.o
 .debug_macro   0x0000000000011207      0x147 ./Drivers/STM32F1xx_HAL_Driver/Src/stm32f1xx_hal.o
 .debug_macro   0x000000000001134e       0x50 ./Drivers/STM32F1xx_HAL_Driver/Src/stm32f1xx_hal.o
 .debug_macro   0x000000000001139e      0x5c2 ./Drivers/STM32F1xx_HAL_Driver/Src/stm32f1xx_hal.o
 .debug_macro   0x0000000000011960      0x28a ./Drivers/STM32F1xx_HAL_Driver/Src/stm32f1xx_hal.o
 .debug_macro   0x0000000000011bea      0x1cb ./Drivers/STM32F1xx_HAL_Driver/Src/stm32f1xx_hal.o
 .debug_macro   0x0000000000011db5      0x11e ./Drivers/STM32F1xx_HAL_Driver/Src/stm32f1xx_hal.o
 .debug_macro   0x0000000000011ed3      0x1b3 ./Drivers/STM32F1xx_HAL_Driver/Src/stm32f1xx_hal.o
 .debug_macro   0x0000000000012086       0x27 ./Drivers/STM32F1xx_HAL_Driver/Src/stm32f1xx_hal.o
 .debug_macro   0x00000000000120ad      0x1bc ./Drivers/STM32F1xx_HAL_Driver/Src/stm32f1xx_hal.o
 .debug_macro   0x0000000000012269       0x34 ./Drivers/STM32F1xx_HAL_Driver/Src/stm32f1xx_hal.o
 .debug_macro   0x000000000001229d       0x3c ./Drivers/STM32F1xx_HAL_Driver/Src/stm32f1xx_hal.o
 .debug_macro   0x00000000000122d9       0x57 ./Drivers/STM32F1xx_HAL_Driver/Src/stm32f1xx_hal.o
 .debug_macro   0x0000000000012330       0x8c ./Drivers/STM32F1xx_HAL_Driver/Src/stm32f1xx_hal.o
 .debug_macro   0x00000000000123bc      0x242 ./Drivers/STM32F1xx_HAL_Driver/Src/stm32f1xx_hal.o
 .debug_macro   0x00000000000125fe      0x143 ./Drivers/STM32F1xx_HAL_Driver/Src/stm32f1xx_hal.o
 .debug_macro   0x0000000000012741       0x50 ./Drivers/STM32F1xx_HAL_Driver/Src/stm32f1xx_hal.o
 .debug_macro   0x0000000000012791      0x26c ./Drivers/STM32F1xx_HAL_Driver/Src/stm32f1xx_hal.o
 .debug_macro   0x00000000000129fd       0x83 ./Drivers/STM32F1xx_HAL_Driver/Src/stm32f1xx_hal.o
 .debug_macro   0x0000000000012a80      0x27b ./Drivers/STM32F1xx_HAL_Driver/Src/stm32f1xx_hal_cortex.o
 .debug_macro   0x0000000000012cfb      0x27b ./Drivers/STM32F1xx_HAL_Driver/Src/stm32f1xx_hal_flash.o
 .debug_macro   0x0000000000012f76      0x28d ./Drivers/STM32F1xx_HAL_Driver/Src/stm32f1xx_hal_flash_ex.o
 .debug_macro   0x0000000000013203      0x2eb ./Drivers/STM32F1xx_HAL_Driver/Src/stm32f1xx_hal_gpio.o
 .debug_macro   0x00000000000134ee      0x287 ./Drivers/STM32F1xx_HAL_Driver/Src/stm32f1xx_hal_pcd.o
 .debug_macro   0x0000000000013775      0x27b ./Drivers/STM32F1xx_HAL_Driver/Src/stm32f1xx_hal_pcd_ex.o
 .debug_macro   0x00000000000139f0      0x28d ./Drivers/STM32F1xx_HAL_Driver/Src/stm32f1xx_hal_rcc.o
 .debug_macro   0x0000000000013c7d      0x27b ./Drivers/STM32F1xx_HAL_Driver/Src/stm32f1xx_hal_rcc_ex.o
 .debug_macro   0x0000000000013ef8      0x27b ./Drivers/STM32F1xx_HAL_Driver/Src/stm32f1xx_ll_usb.o
 .debug_macro   0x0000000000014173      0x34c ./Middlewares/ST/STM32_USB_Device_Library/Class/DFU/Src/usbd_dfu.o
 .debug_macro   0x00000000000144bf       0x5b ./Middlewares/ST/STM32_USB_Device_Library/Class/DFU/Src/usbd_dfu.o
 .debug_macro   0x000000000001451a       0x94 ./Middlewares/ST/STM32_USB_Device_Library/Class/DFU/Src/usbd_dfu.o
 .debug_macro   0x00000000000145ae       0x57 ./Middlewares/ST/STM32_USB_Device_Library/Class/DFU/Src/usbd_dfu.o
 .debug_macro   0x0000000000014605       0x16 ./Middlewares/ST/STM32_USB_Device_Library/Class/DFU/Src/usbd_dfu.o
 .debug_macro   0x000000000001461b       0x35 ./Middlewares/ST/STM32_USB_Device_Library/Class/DFU/Src/usbd_dfu.o
 .debug_macro   0x0000000000014650       0x16 ./Middlewares/ST/STM32_USB_Device_Library/Class/DFU/Src/usbd_dfu.o
 .debug_macro   0x0000000000014666       0x29 ./Middlewares/ST/STM32_USB_Device_Library/Class/DFU/Src/usbd_dfu.o
 .debug_macro   0x000000000001468f       0x16 ./Middlewares/ST/STM32_USB_Device_Library/Class/DFU/Src/usbd_dfu.o
 .debug_macro   0x00000000000146a5       0x20 ./Middlewares/ST/STM32_USB_Device_Library/Class/DFU/Src/usbd_dfu.o
 .debug_macro   0x00000000000146c5       0x78 ./Middlewares/ST/STM32_USB_Device_Library/Class/DFU/Src/usbd_dfu.o
 .debug_macro   0x000000000001473d      0x1c3 ./Middlewares/ST/STM32_USB_Device_Library/Class/DFU/Src/usbd_dfu.o
 .debug_macro   0x0000000000014900      0x10a ./Middlewares/ST/STM32_USB_Device_Library/Class/DFU/Src/usbd_dfu.o
 .debug_macro   0x0000000000014a0a      0x327 ./Middlewares/ST/STM32_USB_Device_Library/Core/Src/usbd_core.o
 .debug_macro   0x0000000000014d31      0x327 ./Middlewares/ST/STM32_USB_Device_Library/Core/Src/usbd_ctlreq.o
 .debug_macro   0x0000000000015058      0x323 ./Middlewares/ST/STM32_USB_Device_Library/Core/Src/usbd_ioreq.o
 .debug_macro   0x000000000001537b      0x30f ./Src/main.o
 .debug_macro   0x000000000001568a      0x27b ./Src/stm32f1xx_hal_msp.o
 .debug_macro   0x0000000000015905      0x285 ./Src/stm32f1xx_it.o
 .debug_macro   0x0000000000015b8a      0x281 ./Src/system_stm32f1xx.o
 .debug_macro   0x0000000000015e0b      0x35e ./Src/usb_device.o
 .debug_macro   0x0000000000016169      0x340 ./Src/usbd_conf.o
 .debug_macro   0x00000000000164a9      0x361 ./Src/usbd_desc.o
 .debug_macro   0x000000000001680a      0x342 ./Src/usbd_dfu_if.o

.debug_line     0x0000000000000000    0x11151
 .debug_line    0x0000000000000000      0xaf9 ./Drivers/STM32F1xx_HAL_Driver/Src/stm32f1xx_hal.o
 .debug_line    0x0000000000000af9      0xc75 ./Drivers/STM32F1xx_HAL_Driver/Src/stm32f1xx_hal_cortex.o
 .debug_line    0x000000000000176e      0xddd ./Drivers/STM32F1xx_HAL_Driver/Src/stm32f1xx_hal_flash.o
 .debug_line    0x000000000000254b      0xef8 ./Drivers/STM32F1xx_HAL_Driver/Src/stm32f1xx_hal_flash_ex.o
 .debug_line    0x0000000000003443      0xbb5 ./Drivers/STM32F1xx_HAL_Driver/Src/stm32f1xx_hal_gpio.o
 .debug_line    0x0000000000003ff8     0x133f ./Drivers/STM32F1xx_HAL_Driver/Src/stm32f1xx_hal_pcd.o
 .debug_line    0x0000000000005337      0x885 ./Drivers/STM32F1xx_HAL_Driver/Src/stm32f1xx_hal_pcd_ex.o
 .debug_line    0x0000000000005bbc     0x11d9 ./Drivers/STM32F1xx_HAL_Driver/Src/stm32f1xx_hal_rcc.o
 .debug_line    0x0000000000006d95      0xab4 ./Drivers/STM32F1xx_HAL_Driver/Src/stm32f1xx_hal_rcc_ex.o
 .debug_line    0x0000000000007849     0x135e ./Drivers/STM32F1xx_HAL_Driver/Src/stm32f1xx_ll_usb.o
 .debug_line    0x0000000000008ba7     0x1110 ./Middlewares/ST/STM32_USB_Device_Library/Class/DFU/Src/usbd_dfu.o
 .debug_line    0x0000000000009cb7      0xd26 ./Middlewares/ST/STM32_USB_Device_Library/Core/Src/usbd_core.o
 .debug_line    0x000000000000a9dd      0xe0c ./Middlewares/ST/STM32_USB_Device_Library/Core/Src/usbd_ctlreq.o
 .debug_line    0x000000000000b7e9      0x9ea ./Middlewares/ST/STM32_USB_Device_Library/Core/Src/usbd_ioreq.o
 .debug_line    0x000000000000c1d3      0xa27 ./Src/main.o
 .debug_line    0x000000000000cbfa      0x811 ./Src/stm32f1xx_hal_msp.o
 .debug_line    0x000000000000d40b      0x8c3 ./Src/stm32f1xx_it.o
 .debug_line    0x000000000000dcce      0x8ba ./Src/system_stm32f1xx.o
 .debug_line    0x000000000000e588      0x946 ./Src/usb_device.o
 .debug_line    0x000000000000eece      0xdc6 ./Src/usbd_conf.o
 .debug_line    0x000000000000fc94      0x9f4 ./Src/usbd_desc.o
 .debug_line    0x0000000000010688      0xa53 ./Src/usbd_dfu_if.o
 .debug_line    0x00000000000110db       0x76 ./startup/startup_stm32f103xb.o

.debug_str      0x0000000000000000    0x6d489
 .debug_str     0x0000000000000000    0x698fb ./Drivers/STM32F1xx_HAL_Driver/Src/stm32f1xx_hal.o
                                      0x69c82 (size before relaxing)
 .debug_str     0x00000000000698fb      0x2eb ./Drivers/STM32F1xx_HAL_Driver/Src/stm32f1xx_hal_cortex.o
                                      0x69be1 (size before relaxing)
 .debug_str     0x0000000000069be6      0x2d1 ./Drivers/STM32F1xx_HAL_Driver/Src/stm32f1xx_hal_flash.o
                                      0x69853 (size before relaxing)
 .debug_str     0x0000000000069eb7      0x359 ./Drivers/STM32F1xx_HAL_Driver/Src/stm32f1xx_hal_flash_ex.o
                                      0x69a01 (size before relaxing)
 .debug_str     0x000000000006a210      0x398 ./Drivers/STM32F1xx_HAL_Driver/Src/stm32f1xx_hal_gpio.o
                                      0x69904 (size before relaxing)
 .debug_str     0x000000000006a5a8      0x7f4 ./Drivers/STM32F1xx_HAL_Driver/Src/stm32f1xx_hal_pcd.o
                                      0x69d94 (size before relaxing)
 .debug_str     0x000000000006ad9c       0x57 ./Drivers/STM32F1xx_HAL_Driver/Src/stm32f1xx_hal_pcd_ex.o
                                      0x69861 (size before relaxing)
 .debug_str     0x000000000006adf3      0x384 ./Drivers/STM32F1xx_HAL_Driver/Src/stm32f1xx_hal_rcc.o
                                      0x69997 (size before relaxing)
 .debug_str     0x000000000006b177      0x12b ./Drivers/STM32F1xx_HAL_Driver/Src/stm32f1xx_hal_rcc_ex.o
                                      0x696f7 (size before relaxing)
 .debug_str     0x000000000006b2a2      0x14b ./Drivers/STM32F1xx_HAL_Driver/Src/stm32f1xx_ll_usb.o
                                      0x69a34 (size before relaxing)
 .debug_str     0x000000000006b3ed     0x16ae ./Middlewares/ST/STM32_USB_Device_Library/Class/DFU/Src/usbd_dfu.o
                                      0x6ad16 (size before relaxing)
 .debug_str     0x000000000006ca9b      0x292 ./Middlewares/ST/STM32_USB_Device_Library/Core/Src/usbd_core.o
                                      0x6a5fb (size before relaxing)
 .debug_str     0x000000000006cd2d      0x10c ./Middlewares/ST/STM32_USB_Device_Library/Core/Src/usbd_ctlreq.o
                                      0x6a529 (size before relaxing)
 .debug_str     0x000000000006ce39       0x78 ./Middlewares/ST/STM32_USB_Device_Library/Core/Src/usbd_ioreq.o
                                      0x6a456 (size before relaxing)
 .debug_str     0x000000000006ceb1       0xc0 ./Src/main.o
                                      0x6a5eb (size before relaxing)
 .debug_str     0x000000000006cf71       0x1b ./Src/stm32f1xx_hal_msp.o
                                      0x6984f (size before relaxing)
 .debug_str     0x000000000006cf8c       0xc4 ./Src/stm32f1xx_it.o
                                      0x698b7 (size before relaxing)
 .debug_str     0x000000000006d050       0x69 ./Src/system_stm32f1xx.o
                                      0x695ed (size before relaxing)
 .debug_str     0x000000000006d0b9       0x4d ./Src/usb_device.o
                                      0x6a924 (size before relaxing)
 .debug_str     0x000000000006d106       0x66 ./Src/usbd_conf.o
                                      0x6b3d1 (size before relaxing)
 .debug_str     0x000000000006d16c      0x21d ./Src/usbd_desc.o
                                      0x6a2d0 (size before relaxing)
 .debug_str     0x000000000006d389       0xd3 ./Src/usbd_dfu_if.o
                                      0x6a6c0 (size before relaxing)
 .debug_str     0x000000000006d45c       0x2d ./startup/startup_stm32f103xb.o
                                         0x52 (size before relaxing)

.debug_frame    0x0000000000000000     0x168c
 .debug_frame   0x0000000000000000      0x1b0 ./Drivers/STM32F1xx_HAL_Driver/Src/stm32f1xx_hal.o
 .debug_frame   0x00000000000001b0      0x120 ./Drivers/STM32F1xx_HAL_Driver/Src/stm32f1xx_hal_cortex.o
 .debug_frame   0x00000000000002d0      0x11c ./Drivers/STM32F1xx_HAL_Driver/Src/stm32f1xx_hal_flash.o
 .debug_frame   0x00000000000003ec       0xe0 ./Drivers/STM32F1xx_HAL_Driver/Src/stm32f1xx_hal_flash_ex.o
 .debug_frame   0x00000000000004cc       0xd4 ./Drivers/STM32F1xx_HAL_Driver/Src/stm32f1xx_hal_gpio.o
 .debug_frame   0x00000000000005a0      0x2c4 ./Drivers/STM32F1xx_HAL_Driver/Src/stm32f1xx_hal_pcd.o
 .debug_frame   0x0000000000000864       0x30 ./Drivers/STM32F1xx_HAL_Driver/Src/stm32f1xx_hal_pcd_ex.o
 .debug_frame   0x0000000000000894      0x150 ./Drivers/STM32F1xx_HAL_Driver/Src/stm32f1xx_hal_rcc.o
 .debug_frame   0x00000000000009e4       0x70 ./Drivers/STM32F1xx_HAL_Driver/Src/stm32f1xx_hal_rcc_ex.o
 .debug_frame   0x0000000000000a54      0x21c ./Drivers/STM32F1xx_HAL_Driver/Src/stm32f1xx_ll_usb.o
 .debug_frame   0x0000000000000c70      0x12c ./Middlewares/ST/STM32_USB_Device_Library/Class/DFU/Src/usbd_dfu.o
 .debug_frame   0x0000000000000d9c      0x1c4 ./Middlewares/ST/STM32_USB_Device_Library/Core/Src/usbd_core.o
 .debug_frame   0x0000000000000f60       0xcc ./Middlewares/ST/STM32_USB_Device_Library/Core/Src/usbd_ctlreq.o
 .debug_frame   0x000000000000102c       0xb8 ./Middlewares/ST/STM32_USB_Device_Library/Core/Src/usbd_ioreq.o
 .debug_frame   0x00000000000010e4       0x60 ./Src/main.o
 .debug_frame   0x0000000000001144       0x2c ./Src/stm32f1xx_hal_msp.o
 .debug_frame   0x0000000000001170       0xbc ./Src/stm32f1xx_it.o
 .debug_frame   0x000000000000122c       0x30 ./Src/system_stm32f1xx.o
 .debug_frame   0x000000000000125c       0x2c ./Src/usb_device.o
 .debug_frame   0x0000000000001288      0x290 ./Src/usbd_conf.o
 .debug_frame   0x0000000000001518       0xa8 ./Src/usbd_desc.o
 .debug_frame   0x00000000000015c0       0xa0 ./Src/usbd_dfu_if.o
 .debug_frame   0x0000000000001660       0x2c C:/ST/STM32CubeIDE_1.14.1/STM32CubeIDE/plugins/com.st.stm32cube.ide.mcu.externaltools.gnu-tools-for-stm32.11.3.rel1.win32_1.1.100.202309141235/tools/bin/../lib/gcc/arm-none-eabi/11.3.1/../../../../arm-none-eabi/lib/thumb/v7-m/nofp\libc_nano.a(libc_a-init.o)

.debug_line_str
                0x0000000000000000       0x46
 .debug_line_str
                0x0000000000000000       0x46 ./startup/startup_stm32f103xb.o
                                         0x5c (size before relaxing)
