18:44:54 **** Incremental Build of configuration Debug for project L432 ****
make -j12 all 
arm-none-eabi-gcc "../src/lib/Cube_L432k/Drivers/STM32L4xx_HAL_Driver/Src/stm32l4xx_hal.c" -mcpu=cortex-m4 -std=gnu11 -g3 -DSTM32L432xx -c -I"C:/capstone/L432/src" -I"C:/capstone/L432/src/ap" -I"C:/capstone/L432/src/bsp" -I"C:/capstone/L432/src/common" -I"C:/capstone/L432/src/hw" -I"C:/capstone/L432/src/lib" -I"C:/capstone/L432/src/lib/Cube_L432k/Drivers/CMSIS/Device/ST/STM32L4xx/Include" -I"C:/capstone/L432/src/lib/Cube_L432k/Drivers/STM32L4xx_HAL_Driver/Inc" -I"C:/capstone/L432/src/lib/Cube_L432k/Drivers/CMSIS/Include" -I"C:/capstone/L432/src/common/hw/include" -O0 -ffunction-sections -fdata-sections -Wall -fstack-usage -fcyclomatic-complexity -MMD -MP -MF"src/lib/Cube_L432k/Drivers/STM32L4xx_HAL_Driver/Src/stm32l4xx_hal.d" -MT"src/lib/Cube_L432k/Drivers/STM32L4xx_HAL_Driver/Src/stm32l4xx_hal.o" --specs=nano.specs -mfpu=fpv4-sp-d16 -mfloat-abi=hard -mthumb -o "src/lib/Cube_L432k/Drivers/STM32L4xx_HAL_Driver/Src/stm32l4xx_hal.o"
arm-none-eabi-gcc "../src/lib/Cube_L432k/Drivers/STM32L4xx_HAL_Driver/Src/stm32l4xx_hal_cortex.c" -mcpu=cortex-m4 -std=gnu11 -g3 -DSTM32L432xx -c -I"C:/capstone/L432/src" -I"C:/capstone/L432/src/ap" -I"C:/capstone/L432/src/bsp" -I"C:/capstone/L432/src/common" -I"C:/capstone/L432/src/hw" -I"C:/capstone/L432/src/lib" -I"C:/capstone/L432/src/lib/Cube_L432k/Drivers/CMSIS/Device/ST/STM32L4xx/Include" -I"C:/capstone/L432/src/lib/Cube_L432k/Drivers/STM32L4xx_HAL_Driver/Inc" -I"C:/capstone/L432/src/lib/Cube_L432k/Drivers/CMSIS/Include" -I"C:/capstone/L432/src/common/hw/include" -O0 -ffunction-sections -fdata-sections -Wall -fstack-usage -fcyclomatic-complexity -MMD -MP -MF"src/lib/Cube_L432k/Drivers/STM32L4xx_HAL_Driver/Src/stm32l4xx_hal_cortex.d" -MT"src/lib/Cube_L432k/Drivers/STM32L4xx_HAL_Driver/Src/stm32l4xx_hal_cortex.o" --specs=nano.specs -mfpu=fpv4-sp-d16 -mfloat-abi=hard -mthumb -o "src/lib/Cube_L432k/Drivers/STM32L4xx_HAL_Driver/Src/stm32l4xx_hal_cortex.o"
arm-none-eabi-gcc "../src/lib/Cube_L432k/Drivers/STM32L4xx_HAL_Driver/Src/stm32l4xx_hal_dma.c" -mcpu=cortex-m4 -std=gnu11 -g3 -DSTM32L432xx -c -I"C:/capstone/L432/src" -I"C:/capstone/L432/src/ap" -I"C:/capstone/L432/src/bsp" -I"C:/capstone/L432/src/common" -I"C:/capstone/L432/src/hw" -I"C:/capstone/L432/src/lib" -I"C:/capstone/L432/src/lib/Cube_L432k/Drivers/CMSIS/Device/ST/STM32L4xx/Include" -I"C:/capstone/L432/src/lib/Cube_L432k/Drivers/STM32L4xx_HAL_Driver/Inc" -I"C:/capstone/L432/src/lib/Cube_L432k/Drivers/CMSIS/Include" -I"C:/capstone/L432/src/common/hw/include" -O0 -ffunction-sections -fdata-sections -Wall -fstack-usage -fcyclomatic-complexity -MMD -MP -MF"src/lib/Cube_L432k/Drivers/STM32L4xx_HAL_Driver/Src/stm32l4xx_hal_dma.d" -MT"src/lib/Cube_L432k/Drivers/STM32L4xx_HAL_Driver/Src/stm32l4xx_hal_dma.o" --specs=nano.specs -mfpu=fpv4-sp-d16 -mfloat-abi=hard -mthumb -o "src/lib/Cube_L432k/Drivers/STM32L4xx_HAL_Driver/Src/stm32l4xx_hal_dma.o"
arm-none-eabi-gcc "../src/lib/Cube_L432k/Drivers/STM32L4xx_HAL_Driver/Src/stm32l4xx_hal_dma_ex.c" -mcpu=cortex-m4 -std=gnu11 -g3 -DSTM32L432xx -c -I"C:/capstone/L432/src" -I"C:/capstone/L432/src/ap" -I"C:/capstone/L432/src/bsp" -I"C:/capstone/L432/src/common" -I"C:/capstone/L432/src/hw" -I"C:/capstone/L432/src/lib" -I"C:/capstone/L432/src/lib/Cube_L432k/Drivers/CMSIS/Device/ST/STM32L4xx/Include" -I"C:/capstone/L432/src/lib/Cube_L432k/Drivers/STM32L4xx_HAL_Driver/Inc" -I"C:/capstone/L432/src/lib/Cube_L432k/Drivers/CMSIS/Include" -I"C:/capstone/L432/src/common/hw/include" -O0 -ffunction-sections -fdata-sections -Wall -fstack-usage -fcyclomatic-complexity -MMD -MP -MF"src/lib/Cube_L432k/Drivers/STM32L4xx_HAL_Driver/Src/stm32l4xx_hal_dma_ex.d" -MT"src/lib/Cube_L432k/Drivers/STM32L4xx_HAL_Driver/Src/stm32l4xx_hal_dma_ex.o" --specs=nano.specs -mfpu=fpv4-sp-d16 -mfloat-abi=hard -mthumb -o "src/lib/Cube_L432k/Drivers/STM32L4xx_HAL_Driver/Src/stm32l4xx_hal_dma_ex.o"
arm-none-eabi-gcc "../src/lib/Cube_L432k/Drivers/STM32L4xx_HAL_Driver/Src/stm32l4xx_hal_exti.c" -mcpu=cortex-m4 -std=gnu11 -g3 -DSTM32L432xx -c -I"C:/capstone/L432/src" -I"C:/capstone/L432/src/ap" -I"C:/capstone/L432/src/bsp" -I"C:/capstone/L432/src/common" -I"C:/capstone/L432/src/hw" -I"C:/capstone/L432/src/lib" -I"C:/capstone/L432/src/lib/Cube_L432k/Drivers/CMSIS/Device/ST/STM32L4xx/Include" -I"C:/capstone/L432/src/lib/Cube_L432k/Drivers/STM32L4xx_HAL_Driver/Inc" -I"C:/capstone/L432/src/lib/Cube_L432k/Drivers/CMSIS/Include" -I"C:/capstone/L432/src/common/hw/include" -O0 -ffunction-sections -fdata-sections -Wall -fstack-usage -fcyclomatic-complexity -MMD -MP -MF"src/lib/Cube_L432k/Drivers/STM32L4xx_HAL_Driver/Src/stm32l4xx_hal_exti.d" -MT"src/lib/Cube_L432k/Drivers/STM32L4xx_HAL_Driver/Src/stm32l4xx_hal_exti.o" --specs=nano.specs -mfpu=fpv4-sp-d16 -mfloat-abi=hard -mthumb -o "src/lib/Cube_L432k/Drivers/STM32L4xx_HAL_Driver/Src/stm32l4xx_hal_exti.o"
arm-none-eabi-gcc "../src/lib/Cube_L432k/Drivers/STM32L4xx_HAL_Driver/Src/stm32l4xx_hal_flash.c" -mcpu=cortex-m4 -std=gnu11 -g3 -DSTM32L432xx -c -I"C:/capstone/L432/src" -I"C:/capstone/L432/src/ap" -I"C:/capstone/L432/src/bsp" -I"C:/capstone/L432/src/common" -I"C:/capstone/L432/src/hw" -I"C:/capstone/L432/src/lib" -I"C:/capstone/L432/src/lib/Cube_L432k/Drivers/CMSIS/Device/ST/STM32L4xx/Include" -I"C:/capstone/L432/src/lib/Cube_L432k/Drivers/STM32L4xx_HAL_Driver/Inc" -I"C:/capstone/L432/src/lib/Cube_L432k/Drivers/CMSIS/Include" -I"C:/capstone/L432/src/common/hw/include" -O0 -ffunction-sections -fdata-sections -Wall -fstack-usage -fcyclomatic-complexity -MMD -MP -MF"src/lib/Cube_L432k/Drivers/STM32L4xx_HAL_Driver/Src/stm32l4xx_hal_flash.d" -MT"src/lib/Cube_L432k/Drivers/STM32L4xx_HAL_Driver/Src/stm32l4xx_hal_flash.o" --specs=nano.specs -mfpu=fpv4-sp-d16 -mfloat-abi=hard -mthumb -o "src/lib/Cube_L432k/Drivers/STM32L4xx_HAL_Driver/Src/stm32l4xx_hal_flash.o"
arm-none-eabi-gcc "../src/lib/Cube_L432k/Drivers/STM32L4xx_HAL_Driver/Src/stm32l4xx_hal_flash_ex.c" -mcpu=cortex-m4 -std=gnu11 -g3 -DSTM32L432xx -c -I"C:/capstone/L432/src" -I"C:/capstone/L432/src/ap" -I"C:/capstone/L432/src/bsp" -I"C:/capstone/L432/src/common" -I"C:/capstone/L432/src/hw" -I"C:/capstone/L432/src/lib" -I"C:/capstone/L432/src/lib/Cube_L432k/Drivers/CMSIS/Device/ST/STM32L4xx/Include" -I"C:/capstone/L432/src/lib/Cube_L432k/Drivers/STM32L4xx_HAL_Driver/Inc" -I"C:/capstone/L432/src/lib/Cube_L432k/Drivers/CMSIS/Include" -I"C:/capstone/L432/src/common/hw/include" -O0 -ffunction-sections -fdata-sections -Wall -fstack-usage -fcyclomatic-complexity -MMD -MP -MF"src/lib/Cube_L432k/Drivers/STM32L4xx_HAL_Driver/Src/stm32l4xx_hal_flash_ex.d" -MT"src/lib/Cube_L432k/Drivers/STM32L4xx_HAL_Driver/Src/stm32l4xx_hal_flash_ex.o" --specs=nano.specs -mfpu=fpv4-sp-d16 -mfloat-abi=hard -mthumb -o "src/lib/Cube_L432k/Drivers/STM32L4xx_HAL_Driver/Src/stm32l4xx_hal_flash_ex.o"
arm-none-eabi-gcc "../src/lib/Cube_L432k/Drivers/STM32L4xx_HAL_Driver/Src/stm32l4xx_hal_flash_ramfunc.c" -mcpu=cortex-m4 -std=gnu11 -g3 -DSTM32L432xx -c -I"C:/capstone/L432/src" -I"C:/capstone/L432/src/ap" -I"C:/capstone/L432/src/bsp" -I"C:/capstone/L432/src/common" -I"C:/capstone/L432/src/hw" -I"C:/capstone/L432/src/lib" -I"C:/capstone/L432/src/lib/Cube_L432k/Drivers/CMSIS/Device/ST/STM32L4xx/Include" -I"C:/capstone/L432/src/lib/Cube_L432k/Drivers/STM32L4xx_HAL_Driver/Inc" -I"C:/capstone/L432/src/lib/Cube_L432k/Drivers/CMSIS/Include" -I"C:/capstone/L432/src/common/hw/include" -O0 -ffunction-sections -fdata-sections -Wall -fstack-usage -fcyclomatic-complexity -MMD -MP -MF"src/lib/Cube_L432k/Drivers/STM32L4xx_HAL_Driver/Src/stm32l4xx_hal_flash_ramfunc.d" -MT"src/lib/Cube_L432k/Drivers/STM32L4xx_HAL_Driver/Src/stm32l4xx_hal_flash_ramfunc.o" --specs=nano.specs -mfpu=fpv4-sp-d16 -mfloat-abi=hard -mthumb -o "src/lib/Cube_L432k/Drivers/STM32L4xx_HAL_Driver/Src/stm32l4xx_hal_flash_ramfunc.o"
arm-none-eabi-gcc "../src/lib/Cube_L432k/Drivers/STM32L4xx_HAL_Driver/Src/stm32l4xx_hal_gpio.c" -mcpu=cortex-m4 -std=gnu11 -g3 -DSTM32L432xx -c -I"C:/capstone/L432/src" -I"C:/capstone/L432/src/ap" -I"C:/capstone/L432/src/bsp" -I"C:/capstone/L432/src/common" -I"C:/capstone/L432/src/hw" -I"C:/capstone/L432/src/lib" -I"C:/capstone/L432/src/lib/Cube_L432k/Drivers/CMSIS/Device/ST/STM32L4xx/Include" -I"C:/capstone/L432/src/lib/Cube_L432k/Drivers/STM32L4xx_HAL_Driver/Inc" -I"C:/capstone/L432/src/lib/Cube_L432k/Drivers/CMSIS/Include" -I"C:/capstone/L432/src/common/hw/include" -O0 -ffunction-sections -fdata-sections -Wall -fstack-usage -fcyclomatic-complexity -MMD -MP -MF"src/lib/Cube_L432k/Drivers/STM32L4xx_HAL_Driver/Src/stm32l4xx_hal_gpio.d" -MT"src/lib/Cube_L432k/Drivers/STM32L4xx_HAL_Driver/Src/stm32l4xx_hal_gpio.o" --specs=nano.specs -mfpu=fpv4-sp-d16 -mfloat-abi=hard -mthumb -o "src/lib/Cube_L432k/Drivers/STM32L4xx_HAL_Driver/Src/stm32l4xx_hal_gpio.o"
arm-none-eabi-gcc "../src/lib/Cube_L432k/Drivers/STM32L4xx_HAL_Driver/Src/stm32l4xx_hal_i2c.c" -mcpu=cortex-m4 -std=gnu11 -g3 -DSTM32L432xx -c -I"C:/capstone/L432/src" -I"C:/capstone/L432/src/ap" -I"C:/capstone/L432/src/bsp" -I"C:/capstone/L432/src/common" -I"C:/capstone/L432/src/hw" -I"C:/capstone/L432/src/lib" -I"C:/capstone/L432/src/lib/Cube_L432k/Drivers/CMSIS/Device/ST/STM32L4xx/Include" -I"C:/capstone/L432/src/lib/Cube_L432k/Drivers/STM32L4xx_HAL_Driver/Inc" -I"C:/capstone/L432/src/lib/Cube_L432k/Drivers/CMSIS/Include" -I"C:/capstone/L432/src/common/hw/include" -O0 -ffunction-sections -fdata-sections -Wall -fstack-usage -fcyclomatic-complexity -MMD -MP -MF"src/lib/Cube_L432k/Drivers/STM32L4xx_HAL_Driver/Src/stm32l4xx_hal_i2c.d" -MT"src/lib/Cube_L432k/Drivers/STM32L4xx_HAL_Driver/Src/stm32l4xx_hal_i2c.o" --specs=nano.specs -mfpu=fpv4-sp-d16 -mfloat-abi=hard -mthumb -o "src/lib/Cube_L432k/Drivers/STM32L4xx_HAL_Driver/Src/stm32l4xx_hal_i2c.o"
arm-none-eabi-gcc "../src/lib/Cube_L432k/Drivers/STM32L4xx_HAL_Driver/Src/stm32l4xx_hal_i2c_ex.c" -mcpu=cortex-m4 -std=gnu11 -g3 -DSTM32L432xx -c -I"C:/capstone/L432/src" -I"C:/capstone/L432/src/ap" -I"C:/capstone/L432/src/bsp" -I"C:/capstone/L432/src/common" -I"C:/capstone/L432/src/hw" -I"C:/capstone/L432/src/lib" -I"C:/capstone/L432/src/lib/Cube_L432k/Drivers/CMSIS/Device/ST/STM32L4xx/Include" -I"C:/capstone/L432/src/lib/Cube_L432k/Drivers/STM32L4xx_HAL_Driver/Inc" -I"C:/capstone/L432/src/lib/Cube_L432k/Drivers/CMSIS/Include" -I"C:/capstone/L432/src/common/hw/include" -O0 -ffunction-sections -fdata-sections -Wall -fstack-usage -fcyclomatic-complexity -MMD -MP -MF"src/lib/Cube_L432k/Drivers/STM32L4xx_HAL_Driver/Src/stm32l4xx_hal_i2c_ex.d" -MT"src/lib/Cube_L432k/Drivers/STM32L4xx_HAL_Driver/Src/stm32l4xx_hal_i2c_ex.o" --specs=nano.specs -mfpu=fpv4-sp-d16 -mfloat-abi=hard -mthumb -o "src/lib/Cube_L432k/Drivers/STM32L4xx_HAL_Driver/Src/stm32l4xx_hal_i2c_ex.o"
arm-none-eabi-gcc "../src/lib/Cube_L432k/Drivers/STM32L4xx_HAL_Driver/Src/stm32l4xx_hal_pwr.c" -mcpu=cortex-m4 -std=gnu11 -g3 -DSTM32L432xx -c -I"C:/capstone/L432/src" -I"C:/capstone/L432/src/ap" -I"C:/capstone/L432/src/bsp" -I"C:/capstone/L432/src/common" -I"C:/capstone/L432/src/hw" -I"C:/capstone/L432/src/lib" -I"C:/capstone/L432/src/lib/Cube_L432k/Drivers/CMSIS/Device/ST/STM32L4xx/Include" -I"C:/capstone/L432/src/lib/Cube_L432k/Drivers/STM32L4xx_HAL_Driver/Inc" -I"C:/capstone/L432/src/lib/Cube_L432k/Drivers/CMSIS/Include" -I"C:/capstone/L432/src/common/hw/include" -O0 -ffunction-sections -fdata-sections -Wall -fstack-usage -fcyclomatic-complexity -MMD -MP -MF"src/lib/Cube_L432k/Drivers/STM32L4xx_HAL_Driver/Src/stm32l4xx_hal_pwr.d" -MT"src/lib/Cube_L432k/Drivers/STM32L4xx_HAL_Driver/Src/stm32l4xx_hal_pwr.o" --specs=nano.specs -mfpu=fpv4-sp-d16 -mfloat-abi=hard -mthumb -o "src/lib/Cube_L432k/Drivers/STM32L4xx_HAL_Driver/Src/stm32l4xx_hal_pwr.o"
arm-none-eabi-gcc "../src/lib/Cube_L432k/Drivers/STM32L4xx_HAL_Driver/Src/stm32l4xx_hal_pwr_ex.c" -mcpu=cortex-m4 -std=gnu11 -g3 -DSTM32L432xx -c -I"C:/capstone/L432/src" -I"C:/capstone/L432/src/ap" -I"C:/capstone/L432/src/bsp" -I"C:/capstone/L432/src/common" -I"C:/capstone/L432/src/hw" -I"C:/capstone/L432/src/lib" -I"C:/capstone/L432/src/lib/Cube_L432k/Drivers/CMSIS/Device/ST/STM32L4xx/Include" -I"C:/capstone/L432/src/lib/Cube_L432k/Drivers/STM32L4xx_HAL_Driver/Inc" -I"C:/capstone/L432/src/lib/Cube_L432k/Drivers/CMSIS/Include" -I"C:/capstone/L432/src/common/hw/include" -O0 -ffunction-sections -fdata-sections -Wall -fstack-usage -fcyclomatic-complexity -MMD -MP -MF"src/lib/Cube_L432k/Drivers/STM32L4xx_HAL_Driver/Src/stm32l4xx_hal_pwr_ex.d" -MT"src/lib/Cube_L432k/Drivers/STM32L4xx_HAL_Driver/Src/stm32l4xx_hal_pwr_ex.o" --specs=nano.specs -mfpu=fpv4-sp-d16 -mfloat-abi=hard -mthumb -o "src/lib/Cube_L432k/Drivers/STM32L4xx_HAL_Driver/Src/stm32l4xx_hal_pwr_ex.o"
arm-none-eabi-gcc "../src/lib/Cube_L432k/Drivers/STM32L4xx_HAL_Driver/Src/stm32l4xx_hal_rcc.c" -mcpu=cortex-m4 -std=gnu11 -g3 -DSTM32L432xx -c -I"C:/capstone/L432/src" -I"C:/capstone/L432/src/ap" -I"C:/capstone/L432/src/bsp" -I"C:/capstone/L432/src/common" -I"C:/capstone/L432/src/hw" -I"C:/capstone/L432/src/lib" -I"C:/capstone/L432/src/lib/Cube_L432k/Drivers/CMSIS/Device/ST/STM32L4xx/Include" -I"C:/capstone/L432/src/lib/Cube_L432k/Drivers/STM32L4xx_HAL_Driver/Inc" -I"C:/capstone/L432/src/lib/Cube_L432k/Drivers/CMSIS/Include" -I"C:/capstone/L432/src/common/hw/include" -O0 -ffunction-sections -fdata-sections -Wall -fstack-usage -fcyclomatic-complexity -MMD -MP -MF"src/lib/Cube_L432k/Drivers/STM32L4xx_HAL_Driver/Src/stm32l4xx_hal_rcc.d" -MT"src/lib/Cube_L432k/Drivers/STM32L4xx_HAL_Driver/Src/stm32l4xx_hal_rcc.o" --specs=nano.specs -mfpu=fpv4-sp-d16 -mfloat-abi=hard -mthumb -o "src/lib/Cube_L432k/Drivers/STM32L4xx_HAL_Driver/Src/stm32l4xx_hal_rcc.o"
arm-none-eabi-gcc "../src/lib/Cube_L432k/Drivers/STM32L4xx_HAL_Driver/Src/stm32l4xx_hal_rcc_ex.c" -mcpu=cortex-m4 -std=gnu11 -g3 -DSTM32L432xx -c -I"C:/capstone/L432/src" -I"C:/capstone/L432/src/ap" -I"C:/capstone/L432/src/bsp" -I"C:/capstone/L432/src/common" -I"C:/capstone/L432/src/hw" -I"C:/capstone/L432/src/lib" -I"C:/capstone/L432/src/lib/Cube_L432k/Drivers/CMSIS/Device/ST/STM32L4xx/Include" -I"C:/capstone/L432/src/lib/Cube_L432k/Drivers/STM32L4xx_HAL_Driver/Inc" -I"C:/capstone/L432/src/lib/Cube_L432k/Drivers/CMSIS/Include" -I"C:/capstone/L432/src/common/hw/include" -O0 -ffunction-sections -fdata-sections -Wall -fstack-usage -fcyclomatic-complexity -MMD -MP -MF"src/lib/Cube_L432k/Drivers/STM32L4xx_HAL_Driver/Src/stm32l4xx_hal_rcc_ex.d" -MT"src/lib/Cube_L432k/Drivers/STM32L4xx_HAL_Driver/Src/stm32l4xx_hal_rcc_ex.o" --specs=nano.specs -mfpu=fpv4-sp-d16 -mfloat-abi=hard -mthumb -o "src/lib/Cube_L432k/Drivers/STM32L4xx_HAL_Driver/Src/stm32l4xx_hal_rcc_ex.o"
arm-none-eabi-gcc "../src/lib/Cube_L432k/Drivers/STM32L4xx_HAL_Driver/Src/stm32l4xx_hal_spi.c" -mcpu=cortex-m4 -std=gnu11 -g3 -DSTM32L432xx -c -I"C:/capstone/L432/src" -I"C:/capstone/L432/src/ap" -I"C:/capstone/L432/src/bsp" -I"C:/capstone/L432/src/common" -I"C:/capstone/L432/src/hw" -I"C:/capstone/L432/src/lib" -I"C:/capstone/L432/src/lib/Cube_L432k/Drivers/CMSIS/Device/ST/STM32L4xx/Include" -I"C:/capstone/L432/src/lib/Cube_L432k/Drivers/STM32L4xx_HAL_Driver/Inc" -I"C:/capstone/L432/src/lib/Cube_L432k/Drivers/CMSIS/Include" -I"C:/capstone/L432/src/common/hw/include" -O0 -ffunction-sections -fdata-sections -Wall -fstack-usage -fcyclomatic-complexity -MMD -MP -MF"src/lib/Cube_L432k/Drivers/STM32L4xx_HAL_Driver/Src/stm32l4xx_hal_spi.d" -MT"src/lib/Cube_L432k/Drivers/STM32L4xx_HAL_Driver/Src/stm32l4xx_hal_spi.o" --specs=nano.specs -mfpu=fpv4-sp-d16 -mfloat-abi=hard -mthumb -o "src/lib/Cube_L432k/Drivers/STM32L4xx_HAL_Driver/Src/stm32l4xx_hal_spi.o"
arm-none-eabi-gcc "../src/lib/Cube_L432k/Drivers/STM32L4xx_HAL_Driver/Src/stm32l4xx_hal_spi_ex.c" -mcpu=cortex-m4 -std=gnu11 -g3 -DSTM32L432xx -c -I"C:/capstone/L432/src" -I"C:/capstone/L432/src/ap" -I"C:/capstone/L432/src/bsp" -I"C:/capstone/L432/src/common" -I"C:/capstone/L432/src/hw" -I"C:/capstone/L432/src/lib" -I"C:/capstone/L432/src/lib/Cube_L432k/Drivers/CMSIS/Device/ST/STM32L4xx/Include" -I"C:/capstone/L432/src/lib/Cube_L432k/Drivers/STM32L4xx_HAL_Driver/Inc" -I"C:/capstone/L432/src/lib/Cube_L432k/Drivers/CMSIS/Include" -I"C:/capstone/L432/src/common/hw/include" -O0 -ffunction-sections -fdata-sections -Wall -fstack-usage -fcyclomatic-complexity -MMD -MP -MF"src/lib/Cube_L432k/Drivers/STM32L4xx_HAL_Driver/Src/stm32l4xx_hal_spi_ex.d" -MT"src/lib/Cube_L432k/Drivers/STM32L4xx_HAL_Driver/Src/stm32l4xx_hal_spi_ex.o" --specs=nano.specs -mfpu=fpv4-sp-d16 -mfloat-abi=hard -mthumb -o "src/lib/Cube_L432k/Drivers/STM32L4xx_HAL_Driver/Src/stm32l4xx_hal_spi_ex.o"
arm-none-eabi-gcc "../src/lib/Cube_L432k/Drivers/STM32L4xx_HAL_Driver/Src/stm32l4xx_hal_tim.c" -mcpu=cortex-m4 -std=gnu11 -g3 -DSTM32L432xx -c -I"C:/capstone/L432/src" -I"C:/capstone/L432/src/ap" -I"C:/capstone/L432/src/bsp" -I"C:/capstone/L432/src/common" -I"C:/capstone/L432/src/hw" -I"C:/capstone/L432/src/lib" -I"C:/capstone/L432/src/lib/Cube_L432k/Drivers/CMSIS/Device/ST/STM32L4xx/Include" -I"C:/capstone/L432/src/lib/Cube_L432k/Drivers/STM32L4xx_HAL_Driver/Inc" -I"C:/capstone/L432/src/lib/Cube_L432k/Drivers/CMSIS/Include" -I"C:/capstone/L432/src/common/hw/include" -O0 -ffunction-sections -fdata-sections -Wall -fstack-usage -fcyclomatic-complexity -MMD -MP -MF"src/lib/Cube_L432k/Drivers/STM32L4xx_HAL_Driver/Src/stm32l4xx_hal_tim.d" -MT"src/lib/Cube_L432k/Drivers/STM32L4xx_HAL_Driver/Src/stm32l4xx_hal_tim.o" --specs=nano.specs -mfpu=fpv4-sp-d16 -mfloat-abi=hard -mthumb -o "src/lib/Cube_L432k/Drivers/STM32L4xx_HAL_Driver/Src/stm32l4xx_hal_tim.o"
arm-none-eabi-gcc "../src/lib/Cube_L432k/Drivers/STM32L4xx_HAL_Driver/Src/stm32l4xx_hal_tim_ex.c" -mcpu=cortex-m4 -std=gnu11 -g3 -DSTM32L432xx -c -I"C:/capstone/L432/src" -I"C:/capstone/L432/src/ap" -I"C:/capstone/L432/src/bsp" -I"C:/capstone/L432/src/common" -I"C:/capstone/L432/src/hw" -I"C:/capstone/L432/src/lib" -I"C:/capstone/L432/src/lib/Cube_L432k/Drivers/CMSIS/Device/ST/STM32L4xx/Include" -I"C:/capstone/L432/src/lib/Cube_L432k/Drivers/STM32L4xx_HAL_Driver/Inc" -I"C:/capstone/L432/src/lib/Cube_L432k/Drivers/CMSIS/Include" -I"C:/capstone/L432/src/common/hw/include" -O0 -ffunction-sections -fdata-sections -Wall -fstack-usage -fcyclomatic-complexity -MMD -MP -MF"src/lib/Cube_L432k/Drivers/STM32L4xx_HAL_Driver/Src/stm32l4xx_hal_tim_ex.d" -MT"src/lib/Cube_L432k/Drivers/STM32L4xx_HAL_Driver/Src/stm32l4xx_hal_tim_ex.o" --specs=nano.specs -mfpu=fpv4-sp-d16 -mfloat-abi=hard -mthumb -o "src/lib/Cube_L432k/Drivers/STM32L4xx_HAL_Driver/Src/stm32l4xx_hal_tim_ex.o"
arm-none-eabi-gcc "../src/lib/Cube_L432k/Drivers/STM32L4xx_HAL_Driver/Src/stm32l4xx_hal_uart.c" -mcpu=cortex-m4 -std=gnu11 -g3 -DSTM32L432xx -c -I"C:/capstone/L432/src" -I"C:/capstone/L432/src/ap" -I"C:/capstone/L432/src/bsp" -I"C:/capstone/L432/src/common" -I"C:/capstone/L432/src/hw" -I"C:/capstone/L432/src/lib" -I"C:/capstone/L432/src/lib/Cube_L432k/Drivers/CMSIS/Device/ST/STM32L4xx/Include" -I"C:/capstone/L432/src/lib/Cube_L432k/Drivers/STM32L4xx_HAL_Driver/Inc" -I"C:/capstone/L432/src/lib/Cube_L432k/Drivers/CMSIS/Include" -I"C:/capstone/L432/src/common/hw/include" -O0 -ffunction-sections -fdata-sections -Wall -fstack-usage -fcyclomatic-complexity -MMD -MP -MF"src/lib/Cube_L432k/Drivers/STM32L4xx_HAL_Driver/Src/stm32l4xx_hal_uart.d" -MT"src/lib/Cube_L432k/Drivers/STM32L4xx_HAL_Driver/Src/stm32l4xx_hal_uart.o" --specs=nano.specs -mfpu=fpv4-sp-d16 -mfloat-abi=hard -mthumb -o "src/lib/Cube_L432k/Drivers/STM32L4xx_HAL_Driver/Src/stm32l4xx_hal_uart.o"
arm-none-eabi-gcc "../src/lib/Cube_L432k/Drivers/STM32L4xx_HAL_Driver/Src/stm32l4xx_hal_uart_ex.c" -mcpu=cortex-m4 -std=gnu11 -g3 -DSTM32L432xx -c -I"C:/capstone/L432/src" -I"C:/capstone/L432/src/ap" -I"C:/capstone/L432/src/bsp" -I"C:/capstone/L432/src/common" -I"C:/capstone/L432/src/hw" -I"C:/capstone/L432/src/lib" -I"C:/capstone/L432/src/lib/Cube_L432k/Drivers/CMSIS/Device/ST/STM32L4xx/Include" -I"C:/capstone/L432/src/lib/Cube_L432k/Drivers/STM32L4xx_HAL_Driver/Inc" -I"C:/capstone/L432/src/lib/Cube_L432k/Drivers/CMSIS/Include" -I"C:/capstone/L432/src/common/hw/include" -O0 -ffunction-sections -fdata-sections -Wall -fstack-usage -fcyclomatic-complexity -MMD -MP -MF"src/lib/Cube_L432k/Drivers/STM32L4xx_HAL_Driver/Src/stm32l4xx_hal_uart_ex.d" -MT"src/lib/Cube_L432k/Drivers/STM32L4xx_HAL_Driver/Src/stm32l4xx_hal_uart_ex.o" --specs=nano.specs -mfpu=fpv4-sp-d16 -mfloat-abi=hard -mthumb -o "src/lib/Cube_L432k/Drivers/STM32L4xx_HAL_Driver/Src/stm32l4xx_hal_uart_ex.o"
arm-none-eabi-gcc "../src/hw/driver/led.c" -mcpu=cortex-m4 -std=gnu11 -g3 -DSTM32L432xx -c -I"C:/capstone/L432/src" -I"C:/capstone/L432/src/ap" -I"C:/capstone/L432/src/bsp" -I"C:/capstone/L432/src/common" -I"C:/capstone/L432/src/hw" -I"C:/capstone/L432/src/lib" -I"C:/capstone/L432/src/lib/Cube_L432k/Drivers/CMSIS/Device/ST/STM32L4xx/Include" -I"C:/capstone/L432/src/lib/Cube_L432k/Drivers/STM32L4xx_HAL_Driver/Inc" -I"C:/capstone/L432/src/lib/Cube_L432k/Drivers/CMSIS/Include" -I"C:/capstone/L432/src/common/hw/include" -O0 -ffunction-sections -fdata-sections -Wall -fstack-usage -fcyclomatic-complexity -MMD -MP -MF"src/hw/driver/led.d" -MT"src/hw/driver/led.o" --specs=nano.specs -mfpu=fpv4-sp-d16 -mfloat-abi=hard -mthumb -o "src/hw/driver/led.o"
arm-none-eabi-gcc "../src/hw/hw.c" -mcpu=cortex-m4 -std=gnu11 -g3 -DSTM32L432xx -c -I"C:/capstone/L432/src" -I"C:/capstone/L432/src/ap" -I"C:/capstone/L432/src/bsp" -I"C:/capstone/L432/src/common" -I"C:/capstone/L432/src/hw" -I"C:/capstone/L432/src/lib" -I"C:/capstone/L432/src/lib/Cube_L432k/Drivers/CMSIS/Device/ST/STM32L4xx/Include" -I"C:/capstone/L432/src/lib/Cube_L432k/Drivers/STM32L4xx_HAL_Driver/Inc" -I"C:/capstone/L432/src/lib/Cube_L432k/Drivers/CMSIS/Include" -I"C:/capstone/L432/src/common/hw/include" -O0 -ffunction-sections -fdata-sections -Wall -fstack-usage -fcyclomatic-complexity -MMD -MP -MF"src/hw/hw.d" -MT"src/hw/hw.o" --specs=nano.specs -mfpu=fpv4-sp-d16 -mfloat-abi=hard -mthumb -o "src/hw/hw.o"
arm-none-eabi-gcc "../src/bsp/bsp.c" -mcpu=cortex-m4 -std=gnu11 -g3 -DSTM32L432xx -c -I"C:/capstone/L432/src" -I"C:/capstone/L432/src/ap" -I"C:/capstone/L432/src/bsp" -I"C:/capstone/L432/src/common" -I"C:/capstone/L432/src/hw" -I"C:/capstone/L432/src/lib" -I"C:/capstone/L432/src/lib/Cube_L432k/Drivers/CMSIS/Device/ST/STM32L4xx/Include" -I"C:/capstone/L432/src/lib/Cube_L432k/Drivers/STM32L4xx_HAL_Driver/Inc" -I"C:/capstone/L432/src/lib/Cube_L432k/Drivers/CMSIS/Include" -I"C:/capstone/L432/src/common/hw/include" -O0 -ffunction-sections -fdata-sections -Wall -fstack-usage -fcyclomatic-complexity -MMD -MP -MF"src/bsp/bsp.d" -MT"src/bsp/bsp.o" --specs=nano.specs -mfpu=fpv4-sp-d16 -mfloat-abi=hard -mthumb -o "src/bsp/bsp.o"
In file included from C:/capstone/L432/src/lib/Cube_L432k/Drivers/CMSIS/Device/ST/STM32L4xx/Include/stm32l4xx.h:131,
                 from C:/capstone/L432/src/lib/Cube_L432k/Drivers/STM32L4xx_HAL_Driver/Inc/stm32l4xx_hal_def.h:29,
                 from C:/capstone/L432/src/lib/Cube_L432k/Drivers/STM32L4xx_HAL_Driver/Inc/stm32l4xx_hal_rcc.h:27,
                 from C:/capstone/L432/src/bsp/stm32l4xx_hal_conf.h:258,
                 from C:/capstone/L432/src/lib/Cube_L432k/Drivers/STM32L4xx_HAL_Driver/Inc/stm32l4xx_hal.h:29,
                 from C:/capstone/L432/src/bsp/bsp.h:13,
                 from C:/capstone/L432/src/hw/hw_def.h:13,
                 from C:/capstone/L432/src/common/hw/include/led.h:11,
                 from ../src/hw/driver/led.c:9:
C:/capstone/L432/src/lib/Cube_L432k/Drivers/CMSIS/Device/ST/STM32L4xx/Include/stm32l432xx.h:1091:29: warning: initialization of 'GPIO_TypeDef **' from incompatible pointer type 'GPIO_TypeDef *' [-Wincompatible-pointer-types]
 1091 | #define GPIOB               ((GPIO_TypeDef *) GPIOB_BASE)
      |                             ^
../src/hw/driver/led.c:23:4: note: in expansion of macro 'GPIOB'
   23 |   {GPIOB,GPIO_PIN_0, GPIO_PIN_RESET,GPIO_PIN_SET},
      |    ^~~~~
C:/capstone/L432/src/lib/Cube_L432k/Drivers/CMSIS/Device/ST/STM32L4xx/Include/stm32l432xx.h:1091:29: note: (near initialization for 'led_tb1[0].port')
 1091 | #define GPIOB               ((GPIO_TypeDef *) GPIOB_BASE)
      |                             ^
../src/hw/driver/led.c:23:4: note: in expansion of macro 'GPIOB'
   23 |   {GPIOB,GPIO_PIN_0, GPIO_PIN_RESET,GPIO_PIN_SET},
      |    ^~~~~
C:/capstone/L432/src/lib/Cube_L432k/Drivers/CMSIS/Device/ST/STM32L4xx/Include/stm32l432xx.h:1091:29: warning: initialization of 'GPIO_TypeDef **' from incompatible pointer type 'GPIO_TypeDef *' [-Wincompatible-pointer-types]
 1091 | #define GPIOB               ((GPIO_TypeDef *) GPIOB_BASE)
      |                             ^
../src/hw/driver/led.c:24:4: note: in expansion of macro 'GPIOB'
   24 |   {GPIOB,GPIO_PIN_1, GPIO_PIN_RESET,GPIO_PIN_SET},
      |    ^~~~~
C:/capstone/L432/src/lib/Cube_L432k/Drivers/CMSIS/Device/ST/STM32L4xx/Include/stm32l432xx.h:1091:29: note: (near initialization for 'led_tb1[1].port')
 1091 | #define GPIOB               ((GPIO_TypeDef *) GPIOB_BASE)
      |                             ^
../src/hw/driver/led.c:24:4: note: in expansion of macro 'GPIOB'
   24 |   {GPIOB,GPIO_PIN_1, GPIO_PIN_RESET,GPIO_PIN_SET},
      |    ^~~~~
../src/hw/driver/led.c: In function 'ledOn':
../src/hw/driver/led.c:68:32: warning: passing argument 1 of 'HAL_GPIO_WritePin' from incompatible pointer type [-Wincompatible-pointer-types]
   68 |   HAL_GPIO_WritePin(led_tb1[ch].port, led_tb1[ch].Pin, led_tb1[ch].On_State);
      |                     ~~~~~~~~~~~^~~~~
      |                                |
      |                                GPIO_TypeDef **
In file included from C:/capstone/L432/src/bsp/stm32l4xx_hal_conf.h:262,
                 from C:/capstone/L432/src/lib/Cube_L432k/Drivers/STM32L4xx_HAL_Driver/Inc/stm32l4xx_hal.h:29,
                 from C:/capstone/L432/src/bsp/bsp.h:13,
                 from C:/capstone/L432/src/hw/hw_def.h:13,
                 from C:/capstone/L432/src/common/hw/include/led.h:11,
                 from ../src/hw/driver/led.c:9:
C:/capstone/L432/src/lib/Cube_L432k/Drivers/STM32L4xx_HAL_Driver/Inc/stm32l4xx_hal_gpio.h:296:51: note: expected 'GPIO_TypeDef *' but argument is of type 'GPIO_TypeDef **'
  296 | void              HAL_GPIO_WritePin(GPIO_TypeDef* GPIOx, uint16_t GPIO_Pin, GPIO_PinState PinState);
      |                                     ~~~~~~~~~~~~~~^~~~~
../src/hw/driver/led.c: In function 'ledOff':
../src/hw/driver/led.c:73:32: warning: passing argument 1 of 'HAL_GPIO_WritePin' from incompatible pointer type [-Wincompatible-pointer-types]
   73 |   HAL_GPIO_WritePin(led_tb1[ch].port, led_tb1[ch].Pin, led_tb1[ch].Off_State);
      |                     ~~~~~~~~~~~^~~~~
      |                                |
      |                                GPIO_TypeDef **
In file included from C:/capstone/L432/src/bsp/stm32l4xx_hal_conf.h:262,
                 from C:/capstone/L432/src/lib/Cube_L432k/Drivers/STM32L4xx_HAL_Driver/Inc/stm32l4xx_hal.h:29,
                 from C:/capstone/L432/src/bsp/bsp.h:13,
                 from C:/capstone/L432/src/hw/hw_def.h:13,
                 from C:/capstone/L432/src/common/hw/include/led.h:11,
                 from ../src/hw/driver/led.c:9:
C:/capstone/L432/src/lib/Cube_L432k/Drivers/STM32L4xx_HAL_Driver/Inc/stm32l4xx_hal_gpio.h:296:51: note: expected 'GPIO_TypeDef *' but argument is of type 'GPIO_TypeDef **'
  296 | void              HAL_GPIO_WritePin(GPIO_TypeDef* GPIOx, uint16_t GPIO_Pin, GPIO_PinState PinState);
      |                                     ~~~~~~~~~~~~~~^~~~~
../src/hw/driver/led.c: In function 'ledToggle':
../src/hw/driver/led.c:78:33: warning: passing argument 1 of 'HAL_GPIO_TogglePin' from incompatible pointer type [-Wincompatible-pointer-types]
   78 |   HAL_GPIO_TogglePin(led_tb1[ch].port, led_tb1[ch].Pin);
      |                      ~~~~~~~~~~~^~~~~
      |                                 |
      |                                 GPIO_TypeDef **
In file included from C:/capstone/L432/src/bsp/stm32l4xx_hal_conf.h:262,
                 from C:/capstone/L432/src/lib/Cube_L432k/Drivers/STM32L4xx_HAL_Driver/Inc/stm32l4xx_hal.h:29,
                 from C:/capstone/L432/src/bsp/bsp.h:13,
                 from C:/capstone/L432/src/hw/hw_def.h:13,
                 from C:/capstone/L432/src/common/hw/include/led.h:11,
                 from ../src/hw/driver/led.c:9:
C:/capstone/L432/src/lib/Cube_L432k/Drivers/STM32L4xx_HAL_Driver/Inc/stm32l4xx_hal_gpio.h:297:52: note: expected 'GPIO_TypeDef *' but argument is of type 'GPIO_TypeDef **'
  297 | void              HAL_GPIO_TogglePin(GPIO_TypeDef* GPIOx, uint16_t GPIO_Pin);
      |                                      ~~~~~~~~~~~~~~^~~~~
arm-none-eabi-gcc "../src/bsp/stm32l4xx_hal_msp.c" -mcpu=cortex-m4 -std=gnu11 -g3 -DSTM32L432xx -c -I"C:/capstone/L432/src" -I"C:/capstone/L432/src/ap" -I"C:/capstone/L432/src/bsp" -I"C:/capstone/L432/src/common" -I"C:/capstone/L432/src/hw" -I"C:/capstone/L432/src/lib" -I"C:/capstone/L432/src/lib/Cube_L432k/Drivers/CMSIS/Device/ST/STM32L4xx/Include" -I"C:/capstone/L432/src/lib/Cube_L432k/Drivers/STM32L4xx_HAL_Driver/Inc" -I"C:/capstone/L432/src/lib/Cube_L432k/Drivers/CMSIS/Include" -I"C:/capstone/L432/src/common/hw/include" -O0 -ffunction-sections -fdata-sections -Wall -fstack-usage -fcyclomatic-complexity -MMD -MP -MF"src/bsp/stm32l4xx_hal_msp.d" -MT"src/bsp/stm32l4xx_hal_msp.o" --specs=nano.specs -mfpu=fpv4-sp-d16 -mfloat-abi=hard -mthumb -o "src/bsp/stm32l4xx_hal_msp.o"
arm-none-eabi-gcc "../src/bsp/stm32l4xx_it.c" -mcpu=cortex-m4 -std=gnu11 -g3 -DSTM32L432xx -c -I"C:/capstone/L432/src" -I"C:/capstone/L432/src/ap" -I"C:/capstone/L432/src/bsp" -I"C:/capstone/L432/src/common" -I"C:/capstone/L432/src/hw" -I"C:/capstone/L432/src/lib" -I"C:/capstone/L432/src/lib/Cube_L432k/Drivers/CMSIS/Device/ST/STM32L4xx/Include" -I"C:/capstone/L432/src/lib/Cube_L432k/Drivers/STM32L4xx_HAL_Driver/Inc" -I"C:/capstone/L432/src/lib/Cube_L432k/Drivers/CMSIS/Include" -I"C:/capstone/L432/src/common/hw/include" -O0 -ffunction-sections -fdata-sections -Wall -fstack-usage -fcyclomatic-complexity -MMD -MP -MF"src/bsp/stm32l4xx_it.d" -MT"src/bsp/stm32l4xx_it.o" --specs=nano.specs -mfpu=fpv4-sp-d16 -mfloat-abi=hard -mthumb -o "src/bsp/stm32l4xx_it.o"
arm-none-eabi-gcc "../src/ap/ap.c" -mcpu=cortex-m4 -std=gnu11 -g3 -DSTM32L432xx -c -I"C:/capstone/L432/src" -I"C:/capstone/L432/src/ap" -I"C:/capstone/L432/src/bsp" -I"C:/capstone/L432/src/common" -I"C:/capstone/L432/src/hw" -I"C:/capstone/L432/src/lib" -I"C:/capstone/L432/src/lib/Cube_L432k/Drivers/CMSIS/Device/ST/STM32L4xx/Include" -I"C:/capstone/L432/src/lib/Cube_L432k/Drivers/STM32L4xx_HAL_Driver/Inc" -I"C:/capstone/L432/src/lib/Cube_L432k/Drivers/CMSIS/Include" -I"C:/capstone/L432/src/common/hw/include" -O0 -ffunction-sections -fdata-sections -Wall -fstack-usage -fcyclomatic-complexity -MMD -MP -MF"src/ap/ap.d" -MT"src/ap/ap.o" --specs=nano.specs -mfpu=fpv4-sp-d16 -mfloat-abi=hard -mthumb -o "src/ap/ap.o"
arm-none-eabi-gcc "../src/main.c" -mcpu=cortex-m4 -std=gnu11 -g3 -DSTM32L432xx -c -I"C:/capstone/L432/src" -I"C:/capstone/L432/src/ap" -I"C:/capstone/L432/src/bsp" -I"C:/capstone/L432/src/common" -I"C:/capstone/L432/src/hw" -I"C:/capstone/L432/src/lib" -I"C:/capstone/L432/src/lib/Cube_L432k/Drivers/CMSIS/Device/ST/STM32L4xx/Include" -I"C:/capstone/L432/src/lib/Cube_L432k/Drivers/STM32L4xx_HAL_Driver/Inc" -I"C:/capstone/L432/src/lib/Cube_L432k/Drivers/CMSIS/Include" -I"C:/capstone/L432/src/common/hw/include" -O0 -ffunction-sections -fdata-sections -Wall -fstack-usage -fcyclomatic-complexity -MMD -MP -MF"src/main.d" -MT"src/main.o" --specs=nano.specs -mfpu=fpv4-sp-d16 -mfloat-abi=hard -mthumb -o "src/main.o"
arm-none-eabi-gcc -o "L432.elf" @"objects.list"   -mcpu=cortex-m4 -T"C:\capstone\L432\src\bsp\ldscripit\STM32L432KCUX_FLASH.ld" --specs=nosys.specs -Wl,-Map="L432.map" -Wl,--gc-sections -static --specs=nano.specs -mfpu=fpv4-sp-d16 -mfloat-abi=hard -mthumb -Wl,--start-group -lc -lm -Wl,--end-group
Finished building target: L432.elf
 
arm-none-eabi-size  L432.elf 
arm-none-eabi-objdump -h -S L432.elf  > "L432.list"
   text	   data	    bss	    dec	    hex	filename
   6660	     36	   1572	   8268	   204c	L432.elf
Finished building: default.size.stdout
 
Finished building: L432.list
 

18:44:56 Build Finished. 0 errors, 5 warnings. (took 1s.867ms)

