00:18:43 **** Incremental Build of configuration Debug for project L432 ****
make -j12 all 
arm-none-eabi-gcc "../.metadata/.plugins/org.eclipse.cdt.managedbuilder.core/spec.c" -mcpu=cortex-m4 -std=gnu11 -g3 -DSTM32L432xx -c -I"C:/capstone/L432/src" -I"C:/capstone/L432/src/ap" -I"C:/capstone/L432/src/bsp" -I"C:/capstone/L432/src/common" -I"C:/capstone/L432/src/hw" -I"C:/capstone/L432/src/lib" -I"C:/capstone/L432/src/lib/Cube_L432k/Drivers/CMSIS/Device/ST/STM32L4xx/Include" -I"C:/capstone/L432/src/lib/Cube_L432k/Drivers/STM32L4xx_HAL_Driver/Inc" -I"C:/capstone/L432/src/lib/Cube_L432k/Drivers/CMSIS/Include" -I"C:/capstone/L432/src/common/hw/include" -I"C:/capstone/L432/src/lib/Cube_L432k/Middlewares/ST/STM32_USB_Device_Library/Class/CDC/Inc" -I"C:/capstone/L432/src/lib/Cube_L432k/Middlewares/ST/STM32_USB_Device_Library/Core/Inc" -I"C:/capstone/L432/src/lib/Cube_L432k/USB_DEVICE/App" -I"C:/capstone/L432/src/lib/Cube_L432k/USB_DEVICE/Target" -O0 -ffunction-sections -fdata-sections -Wall -fstack-usage -fcyclomatic-complexity -MMD -MP -MF".metadata/.plugins/org.eclipse.cdt.managedbuilder.core/spec.d" -MT".metadata/.plugins/org.eclipse.cdt.managedbuilder.core/spec.o" --specs=nano.specs -mfpu=fpv4-sp-d16 -mfloat-abi=hard -mthumb -o ".metadata/.plugins/org.eclipse.cdt.managedbuilder.core/spec.o"
arm-none-eabi-gcc -o "L432.elf" @"objects.list"   -mcpu=cortex-m4 -T"C:\capstone\L432\src\bsp\ldscripit\STM32L432KCUX_FLASH.ld" --specs=nosys.specs -Wl,-Map="L432.map" -Wl,--gc-sections -static --specs=nano.specs -mfpu=fpv4-sp-d16 -mfloat-abi=hard -mthumb -Wl,--start-group -lc -lm -Wl,--end-group
Finished building target: L432.elf
 
arm-none-eabi-size  L432.elf 
arm-none-eabi-objdump -h -S L432.elf  > "L432.list"
   text	   data	    bss	    dec	    hex	filename
  37844	    292	   6308	  44444	   ad9c	L432.elf
Finished building: default.size.stdout
 
Finished building: L432.list
 

00:18:44 Build Finished. 0 errors, 0 warnings. (took 764ms)

